Archive member included to satisfy reference by file (symbol)

../Middlewares/ST/ARM/DSP/Lib\libarm_cortexM7lfsp_math.a(arm_mean_f32.o)
                              ./Core/Src/anc_dsp_utils.o (arm_mean_f32)
../Middlewares/ST/ARM/DSP/Lib\libarm_cortexM7lfsp_math.a(arm_max_f32.o)
                              ./Core/Src/anc_analysis.o (arm_max_f32)
../Middlewares/ST/ARM/DSP/Lib\libarm_cortexM7lfsp_math.a(arm_rfft_fast_init_f32.o)
                              ./Core/Src/anc_analysis.o (arm_rfft_fast_init_f32)
../Middlewares/ST/ARM/DSP/Lib\libarm_cortexM7lfsp_math.a(arm_rfft_fast_f32.o)
                              ./Core/Src/anc_analysis.o (arm_rfft_fast_f32)
../Middlewares/ST/ARM/DSP/Lib\libarm_cortexM7lfsp_math.a(arm_cfft_f32.o)
                              ../Middlewares/ST/ARM/DSP/Lib\libarm_cortexM7lfsp_math.a(arm_rfft_fast_f32.o) (arm_cfft_f32)
../Middlewares/ST/ARM/DSP/Lib\libarm_cortexM7lfsp_math.a(arm_bitreversal2.o)
                              ../Middlewares/ST/ARM/DSP/Lib\libarm_cortexM7lfsp_math.a(arm_cfft_f32.o) (arm_bitreversal_32)
../Middlewares/ST/ARM/DSP/Lib\libarm_cortexM7lfsp_math.a(arm_cmplx_mag_f32.o)
                              ./Core/Src/anc_analysis.o (arm_cmplx_mag_f32)
../Middlewares/ST/ARM/DSP/Lib\libarm_cortexM7lfsp_math.a(arm_sin_f32.o)
                              ./Core/Src/anc_core.o (arm_sin_f32)
../Middlewares/ST/ARM/DSP/Lib\libarm_cortexM7lfsp_math.a(arm_scale_f32.o)
                              ./Core/Src/anc_core.o (arm_scale_f32)
../Middlewares/ST/ARM/DSP/Lib\libarm_cortexM7lfsp_math.a(arm_offset_f32.o)
                              ./Core/Src/anc_dsp_utils.o (arm_offset_f32)
../Middlewares/ST/ARM/DSP/Lib\libarm_cortexM7lfsp_math.a(arm_abs_f32.o)
                              ./Core/Src/anc_dsp_utils.o (arm_abs_f32)
../Middlewares/ST/ARM/DSP/Lib\libarm_cortexM7lfsp_math.a(arm_common_tables.o)
                              ../Middlewares/ST/ARM/DSP/Lib\libarm_cortexM7lfsp_math.a(arm_sin_f32.o) (sinTable_f32)
../Middlewares/ST/ARM/DSP/Lib\libarm_cortexM7lfsp_math.a(arm_cfft_radix8_f32.o)
                              ../Middlewares/ST/ARM/DSP/Lib\libarm_cortexM7lfsp_math.a(arm_cfft_f32.o) (arm_radix8_butterfly_f32)
C:/ST/STM32CubeIDE_1.19.0/STM32CubeIDE/plugins/com.st.stm32cube.ide.mcu.externaltools.gnu-tools-for-stm32.13.3.rel1.win32_1.0.0.202411081344/tools/bin/../lib/gcc/arm-none-eabi/13.3.1/../../../../arm-none-eabi/lib/thumb/v7e-m+dp/hard\libc_nano.a(libc_a-exit.o)
                              C:/ST/STM32CubeIDE_1.19.0/STM32CubeIDE/plugins/com.st.stm32cube.ide.mcu.externaltools.gnu-tools-for-stm32.13.3.rel1.win32_1.0.0.202411081344/tools/bin/../lib/gcc/arm-none-eabi/13.3.1/../../../../arm-none-eabi/lib/thumb/v7e-m+dp/hard/crt0.o (exit)
C:/ST/STM32CubeIDE_1.19.0/STM32CubeIDE/plugins/com.st.stm32cube.ide.mcu.externaltools.gnu-tools-for-stm32.13.3.rel1.win32_1.0.0.202411081344/tools/bin/../lib/gcc/arm-none-eabi/13.3.1/../../../../arm-none-eabi/lib/thumb/v7e-m+dp/hard\libc_nano.a(libc_a-nano-vfprintf_float.o)
                              (_printf_float)
C:/ST/STM32CubeIDE_1.19.0/STM32CubeIDE/plugins/com.st.stm32cube.ide.mcu.externaltools.gnu-tools-for-stm32.13.3.rel1.win32_1.0.0.202411081344/tools/bin/../lib/gcc/arm-none-eabi/13.3.1/../../../../arm-none-eabi/lib/thumb/v7e-m+dp/hard\libc_nano.a(libc_a-nano-vfprintf_i.o)
                              C:/ST/STM32CubeIDE_1.19.0/STM32CubeIDE/plugins/com.st.stm32cube.ide.mcu.externaltools.gnu-tools-for-stm32.13.3.rel1.win32_1.0.0.202411081344/tools/bin/../lib/gcc/arm-none-eabi/13.3.1/../../../../arm-none-eabi/lib/thumb/v7e-m+dp/hard\libc_nano.a(libc_a-nano-vfprintf_float.o) (_printf_common)
C:/ST/STM32CubeIDE_1.19.0/STM32CubeIDE/plugins/com.st.stm32cube.ide.mcu.externaltools.gnu-tools-for-stm32.13.3.rel1.win32_1.0.0.202411081344/tools/bin/../lib/gcc/arm-none-eabi/13.3.1/../../../../arm-none-eabi/lib/thumb/v7e-m+dp/hard\libc_nano.a(libc_a-findfp.o)
                              C:/ST/STM32CubeIDE_1.19.0/STM32CubeIDE/plugins/com.st.stm32cube.ide.mcu.externaltools.gnu-tools-for-stm32.13.3.rel1.win32_1.0.0.202411081344/tools/bin/../lib/gcc/arm-none-eabi/13.3.1/../../../../arm-none-eabi/lib/thumb/v7e-m+dp/hard\libc_nano.a(libc_a-exit.o) (__stdio_exit_handler)
C:/ST/STM32CubeIDE_1.19.0/STM32CubeIDE/plugins/com.st.stm32cube.ide.mcu.externaltools.gnu-tools-for-stm32.13.3.rel1.win32_1.0.0.202411081344/tools/bin/../lib/gcc/arm-none-eabi/13.3.1/../../../../arm-none-eabi/lib/thumb/v7e-m+dp/hard\libc_nano.a(libc_a-fwalk.o)
                              C:/ST/STM32CubeIDE_1.19.0/STM32CubeIDE/plugins/com.st.stm32cube.ide.mcu.externaltools.gnu-tools-for-stm32.13.3.rel1.win32_1.0.0.202411081344/tools/bin/../lib/gcc/arm-none-eabi/13.3.1/../../../../arm-none-eabi/lib/thumb/v7e-m+dp/hard\libc_nano.a(libc_a-findfp.o) (_fwalk_sglue)
[...]
Memory Configuration

Name             Origin             Length             Attributes
ITCMRAM          0x00000000         0x00010000         xrw
DTCMRAM          0x20000000         0x00020000         xrw
FLASH            0x08000000         0x00100000         xr
RAM_D1           0x24000000         0x00050000         xrw
RAM_D2           0x30000000         0x00008000         xrw
RAM_D3           0x38000000         0x00004000         xrw
*default*        0x00000000         0xffffffff

Linker script and memory map

LOAD C:/ST/STM32CubeIDE_1.19.0/STM32CubeIDE/plugins/com.st.stm32cube.ide.mcu.externaltools.gnu-tools-for-stm32.13.3.rel1.win32_1.0.0.202411081344/tools/bin/../lib/gcc/arm-none-eabi/13.3.1/thumb/v7e-m+dp/hard/crti.o
LOAD C:/ST/STM32CubeIDE_1.19.0/STM32CubeIDE/plugins/com.st.stm32cube.ide.mcu.externaltools.gnu-tools-for-stm32.13.3.rel1.win32_1.0.0.202411081344/tools/bin/../lib/gcc/arm-none-eabi/13.3.1/thumb/v7e-m+dp/hard/crtbegin.o
LOAD C:/ST/STM32CubeIDE_1.19.0/STM32CubeIDE/plugins/com.st.stm32cube.ide.mcu.externaltools.gnu-tools-for-stm32.13.3.rel1.win32_1.0.0.202411081344/tools/bin/../lib/gcc/arm-none-eabi/13.3.1/../../../../arm-none-eabi/lib/thumb/v7e-m+dp/hard/crt0.o
LOAD ./Core/Src/anc_analysis.o
LOAD ./Core/Src/anc_core.o
LOAD ./Core/Src/anc_dsp_utils.o
LOAD ./Core/Src/main.o
LOAD ./Core/Src/stm32h7xx_hal_msp.o
LOAD ./Core/Src/stm32h7xx_it.o
LOAD ./Core/Src/syscalls.o
LOAD ./Core/Src/sysmem.o
LOAD ./Core/Src/system_stm32h7xx.o
LOAD ./Core/Startup/startup_stm32h723zgtx.o
LOAD ./Drivers/BSP/STM32H7xx_Nucleo/stm32h7xx_nucleo.o
LOAD ./Drivers/STM32H7xx_HAL_Driver/Src/stm32h7xx_hal.o
LOAD ./Drivers/STM32H7xx_HAL_Driver/Src/stm32h7xx_hal_cortex.o
LOAD ./Drivers/STM32H7xx_HAL_Driver/Src/stm32h7xx_hal_dma.o
LOAD ./Drivers/STM32H7xx_HAL_Driver/Src/stm32h7xx_hal_dma_ex.o
LOAD ./Drivers/STM32H7xx_HAL_Driver/Src/stm32h7xx_hal_exti.o
LOAD ./Drivers/STM32H7xx_HAL_Driver/Src/stm32h7xx_hal_flash.o
LOAD ./Drivers/STM32H7xx_HAL_Driver/Src/stm32h7xx_hal_flash_ex.o
LOAD ./Drivers/STM32H7xx_HAL_Driver/Src/stm32h7xx_hal_gpio.o
LOAD ./Drivers/STM32H7xx_HAL_Driver/Src/stm32h7xx_hal_hsem.o
LOAD ./Drivers/STM32H7xx_HAL_Driver/Src/stm32h7xx_hal_i2c.o
LOAD ./Drivers/STM32H7xx_HAL_Driver/Src/stm32h7xx_hal_i2c_ex.o
LOAD ./Drivers/STM32H7xx_HAL_Driver/Src/stm32h7xx_hal_i2s.o
LOAD ./Drivers/STM32H7xx_HAL_Driver/Src/stm32h7xx_hal_i2s_ex.o
LOAD ./Drivers/STM32H7xx_HAL_Driver/Src/stm32h7xx_hal_mdma.o
LOAD ./Drivers/STM32H7xx_HAL_Driver/Src/stm32h7xx_hal_pcd.o
LOAD ./Drivers/STM32H7xx_HAL_Driver/Src/stm32h7xx_hal_pcd_ex.o
LOAD ./Drivers/STM32H7xx_HAL_Driver/Src/stm32h7xx_hal_pwr.o
LOAD ./Drivers/STM32H7xx_HAL_Driver/Src/stm32h7xx_hal_pwr_ex.o
LOAD ./Drivers/STM32H7xx_HAL_Driver/Src/stm32h7xx_hal_rcc.o
LOAD ./Drivers/STM32H7xx_HAL_Driver/Src/stm32h7xx_hal_rcc_ex.o
LOAD ./Drivers/STM32H7xx_HAL_Driver/Src/stm32h7xx_hal_tim.o
LOAD ./Drivers/STM32H7xx_HAL_Driver/Src/stm32h7xx_hal_tim_ex.o
LOAD ./Drivers/STM32H7xx_HAL_Driver/Src/stm32h7xx_hal_uart.o
LOAD ./Drivers/STM32H7xx_HAL_Driver/Src/stm32h7xx_hal_uart_ex.o
LOAD ./Drivers/STM32H7xx_HAL_Driver/Src/stm32h7xx_hal_usart.o
LOAD ./Drivers/STM32H7xx_HAL_Driver/Src/stm32h7xx_hal_usart_ex.o
LOAD ./Drivers/STM32H7xx_HAL_Driver/Src/stm32h7xx_ll_usb.o
LOAD ./Middlewares/ST/STM32_USB_Device_Library/Class/CDC/Src/usbd_cdc.o
LOAD ./Middlewares/ST/STM32_USB_Device_Library/Core/Src/usbd_core.o
LOAD ./Middlewares/ST/STM32_USB_Device_Library/Core/Src/usbd_ctlreq.o
LOAD ./Middlewares/ST/STM32_USB_Device_Library/Core/Src/usbd_ioreq.o
LOAD ./USB_DEVICE/App/usb_device.o
LOAD ./USB_DEVICE/App/usbd_cdc_if.o
LOAD ./USB_DEVICE/App/usbd_desc.o
LOAD ./USB_DEVICE/Target/usbd_conf.o
LOAD ../Middlewares/ST/ARM/DSP/Lib\libarm_cortexM7lfsp_math.a
START GROUP
LOAD C:/ST/STM32CubeIDE_1.19.0/STM32CubeIDE/plugins/com.st.stm32cube.ide.mcu.externaltools.gnu-tools-for-stm32.13.3.rel1.win32_1.0.0.202411081344/tools/bin/../lib/gcc/arm-none-eabi/13.3.1/../../../../arm-none-eabi/lib/thumb/v7e-m+dp/hard\libc_nano.a
LOAD C:/ST/STM32CubeIDE_1.19.0/STM32CubeIDE/plugins/com.st.stm32cube.ide.mcu.externaltools.gnu-tools-for-stm32.13.3.rel1.win32_1.0.0.202411081344/tools/bin/../lib/gcc/arm-none-eabi/13.3.1/../../../../arm-none-eabi/lib/thumb/v7e-m+dp/hard\libm.a
END GROUP
START GROUP
LOAD C:/ST/STM32CubeIDE_1.19.0/STM32CubeIDE/plugins/com.st.stm32cube.ide.mcu.externaltools.gnu-tools-for-stm32.13.3.rel1.win32_1.0.0.202411081344/tools/bin/../lib/gcc/arm-none-eabi/13.3.1/thumb/v7e-m+dp/hard\libgcc.a
LOAD C:/ST/STM32CubeIDE_1.19.0/STM32CubeIDE/plugins/com.st.stm32cube.ide.mcu.externaltools.gnu-tools-for-stm32.13.3.rel1.win32_1.0.0.202411081344/tools/bin/../lib/gcc/arm-none-eabi/13.3.1/../../../../arm-none-eabi/lib/thumb/v7e-m+dp/hard\libc_nano.a
END GROUP
START GROUP
LOAD C:/ST/STM32CubeIDE_1.19.0/STM32CubeIDE/plugins/com.st.stm32cube.ide.mcu.externaltools.gnu-tools-for-stm32.13.3.rel1.win32_1.0.0.202411081344/tools/bin/../lib/gcc/arm-none-eabi/13.3.1/thumb/v7e-m+dp/hard\libgcc.a
LOAD C:/ST/STM32CubeIDE_1.19.0/STM32CubeIDE/plugins/com.st.stm32cube.ide.mcu.externaltools.gnu-tools-for-stm32.13.3.rel1.win32_1.0.0.202411081344/tools/bin/../lib/gcc/arm-none-eabi/13.3.1/../../../../arm-none-eabi/lib/thumb/v7e-m+dp/hard\libc_nano.a
LOAD C:/ST/STM32CubeIDE_1.19.0/STM32CubeIDE/plugins/com.st.stm32cube.ide.mcu.externaltools.gnu-tools-for-stm32.13.3.rel1.win32_1.0.0.202411081344/tools/bin/../lib/gcc/arm-none-eabi/13.3.1/../../../../arm-none-eabi/lib/thumb/v7e-m+dp/hard\libnosys.a
END GROUP
START GROUP
LOAD C:/ST/STM32CubeIDE_1.19.0/STM32CubeIDE/plugins/com.st.stm32cube.ide.mcu.externaltools.gnu-tools-for-stm32.13.3.rel1.win32_1.0.0.202411081344/tools/bin/../lib/gcc/arm-none-eabi/13.3.1/thumb/v7e-m+dp/hard\libgcc.a
LOAD C:/ST/STM32CubeIDE_1.19.0/STM32CubeIDE/plugins/com.st.stm32cube.ide.mcu.externaltools.gnu-tools-for-stm32.13.3.rel1.win32_1.0.0.202411081344/tools/bin/../lib/gcc/arm-none-eabi/13.3.1/../../../../arm-none-eabi/lib/thumb/v7e-m+dp/hard\libc_nano.a
LOAD C:/ST/STM32CubeIDE_1.19.0/STM32CubeIDE/plugins/com.st.stm32cube.ide.mcu.externaltools.gnu-tools-for-stm32.13.3.rel1.win32_1.0.0.202411081344/tools/bin/../lib/gcc/arm-none-eabi/13.3.1/../../../../arm-none-eabi/lib/thumb/v7e-m+dp/hard\libnosys.a
END GROUP
LOAD C:/ST/STM32CubeIDE_1.19.0/STM32CubeIDE/plugins/com.st.stm32cube.ide.mcu.externaltools.gnu-tools-for-stm32.13.3.rel1.win32_1.0.0.202411081344/tools/bin/../lib/gcc/arm-none-eabi/13.3.1/thumb/v7e-m+dp/hard/crtend.o
LOAD C:/ST/STM32CubeIDE_1.19.0/STM32CubeIDE/plugins/com.st.stm32cube.ide.mcu.externaltools.gnu-tools-for-stm32.13.3.rel1.win32_1.0.0.202411081344/tools/bin/../lib/gcc/arm-none-eabi/13.3.1/thumb/v7e-m+dp/hard/crtn.o
                0x24050000                        _estack = (ORIGIN (RAM_D1) + LENGTH (RAM_D1))
                0x00000200                        _Min_Heap_Size = 0x200
                0x00000400                        _Min_Stack_Size = 0x400

.isr_vector     0x08000000      0x2cc
                0x08000000                        . = ALIGN (0x4)
 *(.isr_vector)
 .isr_vector    0x08000000      0x2cc ./Core/Startup/startup_stm32h723zgtx.o
                0x08000000                g_pfnVectors
                0x080002cc                        . = ALIGN (0x4)

.text           0x080002d0    0x12bc4
                0x080002d0                        . = ALIGN (0x4)
 *(.text)
 .text          0x080002d0       0x40 C:/ST/STM32CubeIDE_1.19.0/STM32CubeIDE/plugins/com.st.stm32cube.ide.mcu.externaltools.gnu-tools-for-stm32.13.3.rel1.win32_1.0.0.202411081344/tools/bin/../lib/gcc/arm-none-eabi/13.3.1/thumb/v7e-m+dp/hard/crtbegin.o
 .text          0x08000310       0xa0 C:/ST/STM32CubeIDE_1.19.0/STM32CubeIDE/plugins/com.st.stm32cube.ide.mcu.externaltools.gnu-tools-for-stm32.13.3.rel1.win32_1.0.0.202411081344/tools/bin/../lib/gcc/arm-none-eabi/13.3.1/../../../../arm-none-eabi/lib/thumb/v7e-m+dp/hard\libc_nano.a(libc_a-memchr.o)
                0x08000310                memchr
 .text          0x080003b0       0x10 C:/ST/STM32CubeIDE_1.19.0/STM32CubeIDE/plugins/com.st.stm32cube.ide.mcu.externaltools.gnu-tools-for-stm32.13.3.rel1.win32_1.0.0.202411081344/tools/bin/../lib/gcc/arm-none-eabi/13.3.1/../../../../arm-none-eabi/lib/thumb/v7e-m+dp/hard\libc_nano.a(libc_a-strlen.o)
                0x080003b0                strlen
 .text          0x080003c0       0x30 C:/ST/STM32CubeIDE_1.19.0/STM32CubeIDE/plugins/com.st.stm32cube.ide.mcu.externaltools.gnu-tools-for-stm32.13.3.rel1.win32_1.0.0.202411081344/tools/bin/../lib/gcc/arm-none-eabi/13.3.1/thumb/v7e-m+dp/hard\libgcc.a(_aeabi_uldivmod.o)
                0x080003c0                __aeabi_uldivmod
 .text          0x080003f0      0x2f8 C:/ST/STM32CubeIDE_1.19.0/STM32CubeIDE/plugins/com.st.stm32cube.ide.mcu.externaltools.gnu-tools-for-stm32.13.3.rel1.win32_1.0.0.202411081344/tools/bin/../lib/gcc/arm-none-eabi/13.3.1/thumb/v7e-m+dp/hard\libgcc.a(_udivmoddi4.o)
                0x080003f0                __udivmoddi4
 .text          0x080006e8        0x4 C:/ST/STM32CubeIDE_1.19.0/STM32CubeIDE/plugins/com.st.stm32cube.ide.mcu.externaltools.gnu-tools-for-stm32.13.3.rel1.win32_1.0.0.202411081344/tools/bin/../lib/gcc/arm-none-eabi/13.3.1/thumb/v7e-m+dp/hard\libgcc.a(_dvmd_tls.o)
                0x080006e8                __aeabi_idiv0
                0x080006e8                __aeabi_ldiv0
 *(.text*)
 .text.ANC_Analysis_Init
                0x080006ec       0x38 ./Core/Src/anc_analysis.o
                0x080006ec                ANC_Analysis_Init
 .text.Find_Dominant_Freq
                0x08000724       0xb0 ./Core/Src/anc_analysis.o
                0x08000724                Find_Dominant_Freq
 .text.xorshift32
                0x080007d4       0x44 ./Core/Src/anc_core.o
 .text.ANC_Core_Init
                0x08000818      0x108 ./Core/Src/anc_core.o
                0x08000818                ANC_Core_Init
 .text.ANC_Cycle_Handler
                0x08000920      0x130 ./Core/Src/anc_core.o
                0x08000920                ANC_Cycle_Handler
 .text.process_audio_block
                0x08000a50      0x5ec ./Core/Src/anc_core.o
                0x08000a50                process_audio_block
 .text.ANC_DSP_Init
                0x0800103c       0x1c ./Core/Src/anc_dsp_utils.o
                0x0800103c                ANC_DSP_Init
 .text.i2s_to_float
                0x08001058       0x30 ./Core/Src/anc_dsp_utils.o
                0x08001058                i2s_to_float
 .text.float_to_i2s_stereo
                0x08001088       0x24 ./Core/Src/anc_dsp_utils.o
                0x08001088                float_to_i2s_stereo
 .text.remove_dc_offset
                0x080010ac       0x4c ./Core/Src/anc_dsp_utils.o
                0x080010ac                remove_dc_offset
 .text.ITM_SendChar
                0x080010f8       0x4e ./Core/Src/main.o
 .text._write   0x08001146       0x3c ./Core/Src/main.o
                0x08001146                _write
 *fill*         0x08001182        0x2 
 .text.main     0x08001184       0xdc ./Core/Src/main.o
                0x08001184                main
 .text.SystemClock_Config
                0x08001260       0xe0 ./Core/Src/main.o
                0x08001260                SystemClock_Config
 .text.MX_I2S1_Init
                0x08001340       0x68 ./Core/Src/main.o
 .text.MX_I2S3_Init
                0x080013a8       0x6c ./Core/Src/main.o
 .text.MX_DMA_Init
                0x08001414       0x50 ./Core/Src/main.o
 .text.MX_GPIO_Init
                0x08001464      0x174 ./Core/Src/main.o
 .text.HAL_I2S_RxHalfCpltCallback
                0x080015d8       0x38 ./Core/Src/main.o
                0x080015d8                HAL_I2S_RxHalfCpltCallback
 .text.HAL_I2S_RxCpltCallback
                0x08001610       0x38 ./Core/Src/main.o
                0x08001610                HAL_I2S_RxCpltCallback
 .text.MPU_Config
                0x08001648       0x58 ./Core/Src/main.o
 .text.Error_Handler
                0x080016a0        0xc ./Core/Src/main.o
                0x080016a0                Error_Handler
 .text.HAL_MspInit
                0x080016ac       0x34 ./Core/Src/stm32h7xx_hal_msp.o
                0x080016ac                HAL_MspInit
 .text.HAL_I2S_MspInit
                0x080016e0      0x2dc ./Core/Src/stm32h7xx_hal_msp.o
                0x080016e0                HAL_I2S_MspInit
 .text.NMI_Handler
                0x080019bc        0x8 ./Core/Src/stm32h7xx_it.o
                0x080019bc                NMI_Handler
 .text.HardFault_Handler
                0x080019c4        0x8 ./Core/Src/stm32h7xx_it.o
                0x080019c4                HardFault_Handler
 .text.MemManage_Handler
                0x080019cc        0x8 ./Core/Src/stm32h7xx_it.o
                0x080019cc                MemManage_Handler
 .text.BusFault_Handler
                0x080019d4        0x8 ./Core/Src/stm32h7xx_it.o
                0x080019d4                BusFault_Handler
 .text.UsageFault_Handler
                0x080019dc        0x8 ./Core/Src/stm32h7xx_it.o
                0x080019dc                UsageFault_Handler
 .text.SVC_Handler
                0x080019e4        0xe ./Core/Src/stm32h7xx_it.o
                0x080019e4                SVC_Handler
 .text.DebugMon_Handler
                0x080019f2        0xe ./Core/Src/stm32h7xx_it.o
                0x080019f2                DebugMon_Handler
 .text.PendSV_Handler
                0x08001a00        0xe ./Core/Src/stm32h7xx_it.o
                0x08001a00                PendSV_Handler
 .text.SysTick_Handler
                0x08001a0e        0xc ./Core/Src/stm32h7xx_it.o
                0x08001a0e                SysTick_Handler
 *fill*         0x08001a1a        0x2 
 .text.DMA1_Stream0_IRQHandler
                0x08001a1c       0x14 ./Core/Src/stm32h7xx_it.o
                0x08001a1c                DMA1_Stream0_IRQHandler
 .text.DMA1_Stream1_IRQHandler
                0x08001a30       0x14 ./Core/Src/stm32h7xx_it.o
                0x08001a30                DMA1_Stream1_IRQHandler
 .text.EXTI15_10_IRQHandler
                0x08001a44       0x10 ./Core/Src/stm32h7xx_it.o
                0x08001a44                EXTI15_10_IRQHandler
 .text.OTG_HS_IRQHandler
                0x08001a54       0x14 ./Core/Src/stm32h7xx_it.o
                0x08001a54                OTG_HS_IRQHandler
 .text._getpid  0x08001a68       0x10 ./Core/Src/syscalls.o
                0x08001a68                _getpid
 .text._kill    0x08001a78       0x20 ./Core/Src/syscalls.o
                0x08001a78                _kill
 .text._exit    0x08001a98       0x16 ./Core/Src/syscalls.o
                0x08001a98                _exit
 .text._read    0x08001aae       0x3a ./Core/Src/syscalls.o
                0x08001aae                _read
 .text._close   0x08001ae8       0x18 ./Core/Src/syscalls.o
                0x08001ae8                _close
 .text._fstat   0x08001b00       0x20 ./Core/Src/syscalls.o
                0x08001b00                _fstat
 .text._isatty  0x08001b20       0x16 ./Core/Src/syscalls.o
                0x08001b20                _isatty
 .text._lseek   0x08001b36       0x1a ./Core/Src/syscalls.o
                0x08001b36                _lseek
 .text._sbrk    0x08001b50       0x6c ./Core/Src/sysmem.o
                0x08001b50                _sbrk
 .text.SystemInit
                0x08001bbc      0x120 ./Core/Src/system_stm32h7xx.o
                0x08001bbc                SystemInit
 .text.ExitRun0Mode
                0x08001cdc       0x30 ./Core/Src/system_stm32h7xx.o
                0x08001cdc                ExitRun0Mode
 .text.Reset_Handler
                0x08001d0c       0x54 ./Core/Startup/startup_stm32h723zgtx.o
                0x08001d0c                Reset_Handler
 .text.Default_Handler
                0x08001d60        0x2 ./Core/Startup/startup_stm32h723zgtx.o
                0x08001d60                RTC_Alarm_IRQHandler
                0x08001d60                EXTI2_IRQHandler
                0x08001d60                TIM8_CC_IRQHandler
                0x08001d60                UART8_IRQHandler
                0x08001d60                SPI4_IRQHandler
                0x08001d60                FDCAN3_IT0_IRQHandler
                0x08001d60                TIM1_CC_IRQHandler
                0x08001d60                BDMA_Channel6_IRQHandler
                0x08001d60                DMA2_Stream5_IRQHandler
                0x08001d60                DMA1_Stream5_IRQHandler
                0x08001d60                CORDIC_IRQHandler
                0x08001d60                BDMA_Channel1_IRQHandler
                0x08001d60                TAMP_STAMP_IRQHandler
                0x08001d60                EXTI3_IRQHandler
                0x08001d60                LPTIM4_IRQHandler
                0x08001d60                TIM8_TRG_COM_TIM14_IRQHandler
                0x08001d60                LPTIM2_IRQHandler
                0x08001d60                DFSDM1_FLT1_IRQHandler
                0x08001d60                DMAMUX2_OVR_IRQHandler
                0x08001d60                TIM8_UP_TIM13_IRQHandler
                0x08001d60                I2C3_ER_IRQHandler
                0x08001d60                DFSDM1_FLT2_IRQHandler
                0x08001d60                I2C5_EV_IRQHandler
                0x08001d60                USART10_IRQHandler
                0x08001d60                MDMA_IRQHandler
                0x08001d60                LPTIM3_IRQHandler
                0x08001d60                HSEM1_IRQHandler
                0x08001d60                EXTI0_IRQHandler
                0x08001d60                I2C2_EV_IRQHandler
                0x08001d60                DMA1_Stream2_IRQHandler
                0x08001d60                FPU_IRQHandler
                0x08001d60                OTG_HS_WKUP_IRQHandler
                0x08001d60                FDCAN1_IT1_IRQHandler
                0x08001d60                LTDC_ER_IRQHandler
                0x08001d60                DMA2_Stream2_IRQHandler
                0x08001d60                SPI1_IRQHandler
                0x08001d60                OCTOSPI1_IRQHandler
                0x08001d60                TIM6_DAC_IRQHandler
                0x08001d60                DMA2_Stream3_IRQHandler
                0x08001d60                OCTOSPI2_IRQHandler
                0x08001d60                DFSDM1_FLT3_IRQHandler
                0x08001d60                TIM23_IRQHandler
                0x08001d60                USART6_IRQHandler
                0x08001d60                TIM17_IRQHandler
                0x08001d60                USART3_IRQHandler
                0x08001d60                BDMA_Channel7_IRQHandler
                0x08001d60                LPTIM5_IRQHandler
                0x08001d60                UART5_IRQHandler
                0x08001d60                ADC3_IRQHandler
                0x08001d60                DMA2_Stream0_IRQHandler
                0x08001d60                TIM4_IRQHandler
                0x08001d60                BDMA_Channel2_IRQHandler
                0x08001d60                I2C1_EV_IRQHandler
                0x08001d60                DMA1_Stream6_IRQHandler
                0x08001d60                DMAMUX1_OVR_IRQHandler
                0x08001d60                TIM16_IRQHandler
                0x08001d60                UART4_IRQHandler
                0x08001d60                BDMA_Channel5_IRQHandler
                0x08001d60                TIM3_IRQHandler
                0x08001d60                RCC_IRQHandler
                0x08001d60                UART9_IRQHandler
                0x08001d60                TIM8_BRK_TIM12_IRQHandler
                0x08001d60                TIM1_TRG_COM_IRQHandler
                0x08001d60                Default_Handler
                0x08001d60                ECC_IRQHandler
                0x08001d60                FMAC_IRQHandler
                0x08001d60                CEC_IRQHandler
                0x08001d60                BDMA_Channel0_IRQHandler
                0x08001d60                ADC_IRQHandler
                0x08001d60                I2C5_ER_IRQHandler
                0x08001d60                DMA1_Stream7_IRQHandler
                0x08001d60                SPI5_IRQHandler
                0x08001d60                TIM7_IRQHandler
                0x08001d60                FDCAN3_IT1_IRQHandler
                0x08001d60                SDMMC1_IRQHandler
                0x08001d60                TIM5_IRQHandler
                0x08001d60                DMA2_Stream7_IRQHandler
                0x08001d60                TIM15_IRQHandler
                0x08001d60                PVD_AVD_IRQHandler
                0x08001d60                I2C3_EV_IRQHandler
                0x08001d60                EXTI9_5_IRQHandler
                0x08001d60                RTC_WKUP_IRQHandler
                0x08001d60                LTDC_IRQHandler
                0x08001d60                ETH_WKUP_IRQHandler
                0x08001d60                SPDIF_RX_IRQHandler
                0x08001d60                SPI2_IRQHandler
                0x08001d60                OTG_HS_EP1_IN_IRQHandler
                0x08001d60                TIM24_IRQHandler
                0x08001d60                CRS_IRQHandler
                0x08001d60                EXTI4_IRQHandler
                0x08001d60                RNG_IRQHandler
                0x08001d60                FDCAN2_IT1_IRQHandler
                0x08001d60                ETH_IRQHandler
                0x08001d60                TIM1_UP_IRQHandler
                0x08001d60                BDMA_Channel4_IRQHandler
                0x08001d60                OTG_HS_EP1_OUT_IRQHandler
                0x08001d60                WWDG_IRQHandler
                0x08001d60                SPI6_IRQHandler
                0x08001d60                MDIOS_IRQHandler
                0x08001d60                I2C4_EV_IRQHandler
                0x08001d60                FDCAN2_IT0_IRQHandler
                0x08001d60                LPUART1_IRQHandler
                0x08001d60                FDCAN1_IT0_IRQHandler
                0x08001d60                TIM2_IRQHandler
                0x08001d60                DMA2D_IRQHandler
                0x08001d60                TIM1_BRK_IRQHandler
                0x08001d60                EXTI1_IRQHandler
                0x08001d60                SDMMC2_IRQHandler
                0x08001d60                BDMA_Channel3_IRQHandler
                0x08001d60                DTS_IRQHandler
                0x08001d60                UART7_IRQHandler
                0x08001d60                MDIOS_WKUP_IRQHandler
                0x08001d60                USART2_IRQHandler
                0x08001d60                DFSDM1_FLT0_IRQHandler
                0x08001d60                SAI4_IRQHandler
                0x08001d60                I2C2_ER_IRQHandler
                0x08001d60                DMA2_Stream1_IRQHandler
                0x08001d60                FLASH_IRQHandler
                0x08001d60                DMA2_Stream4_IRQHandler
                0x08001d60                USART1_IRQHandler
                0x08001d60                SPI3_IRQHandler
                0x08001d60                WAKEUP_PIN_IRQHandler
                0x08001d60                DMA1_Stream4_IRQHandler
                0x08001d60                I2C1_ER_IRQHandler
                0x08001d60                FMC_IRQHandler
                0x08001d60                FDCAN_CAL_IRQHandler
                0x08001d60                SWPMI1_IRQHandler
                0x08001d60                COMP1_IRQHandler
                0x08001d60                LPTIM1_IRQHandler
                0x08001d60                DCMI_PSSI_IRQHandler
                0x08001d60                I2C4_ER_IRQHandler
                0x08001d60                DMA2_Stream6_IRQHandler
                0x08001d60                SAI1_IRQHandler
                0x08001d60                DMA1_Stream3_IRQHandler
 *fill*         0x08001d62        0x2 
 .text.BSP_LED_Init
                0x08001d64       0xec ./Drivers/BSP/STM32H7xx_Nucleo/stm32h7xx_nucleo.o
                0x08001d64                BSP_LED_Init
 .text.BSP_PB_Init
                0x08001e50       0xe4 ./Drivers/BSP/STM32H7xx_Nucleo/stm32h7xx_nucleo.o
                0x08001e50                BSP_PB_Init
 .text.BSP_PB_Callback
                0x08001f34       0x16 ./Drivers/BSP/STM32H7xx_Nucleo/stm32h7xx_nucleo.o
                0x08001f34                BSP_PB_Callback
 *fill*         0x08001f4a        0x2 
 .text.BSP_COM_Init
                0x08001f4c       0x60 ./Drivers/BSP/STM32H7xx_Nucleo/stm32h7xx_nucleo.o
                0x08001f4c                BSP_COM_Init
 .text.MX_USART3_Init
                0x08001fac       0x64 ./Drivers/BSP/STM32H7xx_Nucleo/stm32h7xx_nucleo.o
                0x08001fac                MX_USART3_Init
 .text.BUTTON_USER_EXTI_Callback
                0x08002010        0xe ./Drivers/BSP/STM32H7xx_Nucleo/stm32h7xx_nucleo.o
 *fill*         0x0800201e        0x2 
 .text.COM1_MspInit
                0x08002020       0xb0 ./Drivers/BSP/STM32H7xx_Nucleo/stm32h7xx_nucleo.o
 .text.HAL_Init
                0x080020d0       0x78 ./Drivers/STM32H7xx_HAL_Driver/Src/stm32h7xx_hal.o
                0x080020d0                HAL_Init
 .text.HAL_InitTick
                0x08002148       0x6c ./Drivers/STM32H7xx_HAL_Driver/Src/stm32h7xx_hal.o
                0x08002148                HAL_InitTick
 .text.HAL_IncTick
                0x080021b4       0x28 ./Drivers/STM32H7xx_HAL_Driver/Src/stm32h7xx_hal.o
                0x080021b4                HAL_IncTick
 .text.HAL_GetTick
                0x080021dc       0x18 ./Drivers/STM32H7xx_HAL_Driver/Src/stm32h7xx_hal.o
                0x080021dc                HAL_GetTick
 .text.HAL_Delay
                0x080021f4       0x48 ./Drivers/STM32H7xx_HAL_Driver/Src/stm32h7xx_hal.o
                0x080021f4                HAL_Delay
 .text.__NVIC_SetPriorityGrouping
                0x0800223c       0x48 ./Drivers/STM32H7xx_HAL_Driver/Src/stm32h7xx_hal_cortex.o
 .text.__NVIC_GetPriorityGrouping
                0x08002284       0x1c ./Drivers/STM32H7xx_HAL_Driver/Src/stm32h7xx_hal_cortex.o
 .text.__NVIC_EnableIRQ
                0x080022a0       0x3c ./Drivers/STM32H7xx_HAL_Driver/Src/stm32h7xx_hal_cortex.o
 .text.__NVIC_SetPriority
                0x080022dc       0x54 ./Drivers/STM32H7xx_HAL_Driver/Src/stm32h7xx_hal_cortex.o
 .text.NVIC_EncodePriority
                0x08002330       0x66 ./Drivers/STM32H7xx_HAL_Driver/Src/stm32h7xx_hal_cortex.o
 *fill*         0x08002396        0x2 
 .text.SysTick_Config
                0x08002398       0x44 ./Drivers/STM32H7xx_HAL_Driver/Src/stm32h7xx_hal_cortex.o
 .text.HAL_NVIC_SetPriorityGrouping
                0x080023dc       0x16 ./Drivers/STM32H7xx_HAL_Driver/Src/stm32h7xx_hal_cortex.o
                0x080023dc                HAL_NVIC_SetPriorityGrouping
 .text.HAL_NVIC_SetPriority
                0x080023f2       0x34 ./Drivers/STM32H7xx_HAL_Driver/Src/stm32h7xx_hal_cortex.o
                0x080023f2                HAL_NVIC_SetPriority
 .text.HAL_NVIC_EnableIRQ
                0x08002426       0x1c ./Drivers/STM32H7xx_HAL_Driver/Src/stm32h7xx_hal_cortex.o
                0x08002426                HAL_NVIC_EnableIRQ
 .text.HAL_SYSTICK_Config
                0x08002442       0x18 ./Drivers/STM32H7xx_HAL_Driver/Src/stm32h7xx_hal_cortex.o
                0x08002442                HAL_SYSTICK_Config
 *fill*         0x0800245a        0x2 
 .text.HAL_MPU_Disable
                0x0800245c       0x30 ./Drivers/STM32H7xx_HAL_Driver/Src/stm32h7xx_hal_cortex.o
                0x0800245c                HAL_MPU_Disable
 .text.HAL_MPU_Enable
                0x0800248c       0x40 ./Drivers/STM32H7xx_HAL_Driver/Src/stm32h7xx_hal_cortex.o
                0x0800248c                HAL_MPU_Enable
 .text.HAL_MPU_ConfigRegion
                0x080024cc       0x80 ./Drivers/STM32H7xx_HAL_Driver/Src/stm32h7xx_hal_cortex.o
                0x080024cc                HAL_MPU_ConfigRegion
 .text.HAL_DMA_Init
                0x0800254c      0x6b0 ./Drivers/STM32H7xx_HAL_Driver/Src/stm32h7xx_hal_dma.o
                0x0800254c                HAL_DMA_Init
 .text.HAL_DMA_Start_IT
                0x08002bfc      0x4d4 ./Drivers/STM32H7xx_HAL_Driver/Src/stm32h7xx_hal_dma.o
                0x08002bfc                HAL_DMA_Start_IT
 .text.HAL_DMA_IRQHandler
                0x080030d0      0xe54 ./Drivers/STM32H7xx_HAL_Driver/Src/stm32h7xx_hal_dma.o
                0x080030d0                HAL_DMA_IRQHandler
 .text.DMA_SetConfig
                0x08003f24      0x358 ./Drivers/STM32H7xx_HAL_Driver/Src/stm32h7xx_hal_dma.o
 .text.DMA_CalcBaseAndBitshift
                0x0800427c      0x164 ./Drivers/STM32H7xx_HAL_Driver/Src/stm32h7xx_hal_dma.o
 .text.DMA_CheckFifoParam
                0x080043e0       0xf8 ./Drivers/STM32H7xx_HAL_Driver/Src/stm32h7xx_hal_dma.o
 .text.DMA_CalcDMAMUXChannelBaseAndMask
                0x080044d8      0x134 ./Drivers/STM32H7xx_HAL_Driver/Src/stm32h7xx_hal_dma.o
 .text.DMA_CalcDMAMUXRequestGenBaseAndMask
                0x0800460c       0xe8 ./Drivers/STM32H7xx_HAL_Driver/Src/stm32h7xx_hal_dma.o
 .text.HAL_EXTI_RegisterCallback
                0x080046f4       0x3e ./Drivers/STM32H7xx_HAL_Driver/Src/stm32h7xx_hal_exti.o
                0x080046f4                HAL_EXTI_RegisterCallback
 .text.HAL_EXTI_GetHandle
                0x08004732       0x28 ./Drivers/STM32H7xx_HAL_Driver/Src/stm32h7xx_hal_exti.o
                0x08004732                HAL_EXTI_GetHandle
 *fill*         0x0800475a        0x2 
 .text.HAL_GPIO_Init
                0x0800475c      0x350 ./Drivers/STM32H7xx_HAL_Driver/Src/stm32h7xx_hal_gpio.o
                0x0800475c                HAL_GPIO_Init
 .text.HAL_GPIO_WritePin
                0x08004aac       0x32 ./Drivers/STM32H7xx_HAL_Driver/Src/stm32h7xx_hal_gpio.o
                0x08004aac                HAL_GPIO_WritePin
 .text.HAL_GPIO_EXTI_IRQHandler
                0x08004ade       0x34 ./Drivers/STM32H7xx_HAL_Driver/Src/stm32h7xx_hal_gpio.o
                0x08004ade                HAL_GPIO_EXTI_IRQHandler
 .text.HAL_GPIO_EXTI_Callback
                0x08004b12       0x16 ./Drivers/STM32H7xx_HAL_Driver/Src/stm32h7xx_hal_gpio.o
                0x08004b12                HAL_GPIO_EXTI_Callback
 .text.HAL_I2S_Init
                0x08004b28      0x260 ./Drivers/STM32H7xx_HAL_Driver/Src/stm32h7xx_hal_i2s.o
                0x08004b28                HAL_I2S_Init
 .text.HAL_I2S_Transmit_DMA
                0x08004d88      0x144 ./Drivers/STM32H7xx_HAL_Driver/Src/stm32h7xx_hal_i2s.o
                0x08004d88                HAL_I2S_Transmit_DMA
 .text.HAL_I2S_Receive_DMA
                0x08004ecc      0x144 ./Drivers/STM32H7xx_HAL_Driver/Src/stm32h7xx_hal_i2s.o
                0x08004ecc                HAL_I2S_Receive_DMA
 .text.HAL_I2S_TxHalfCpltCallback
                0x08005010       0x14 ./Drivers/STM32H7xx_HAL_Driver/Src/stm32h7xx_hal_i2s.o
                0x08005010                HAL_I2S_TxHalfCpltCallback
 .text.HAL_I2S_TxCpltCallback
                0x08005024       0x14 ./Drivers/STM32H7xx_HAL_Driver/Src/stm32h7xx_hal_i2s.o
                0x08005024                HAL_I2S_TxCpltCallback
 .text.HAL_I2S_ErrorCallback
                0x08005038       0x14 ./Drivers/STM32H7xx_HAL_Driver/Src/stm32h7xx_hal_i2s.o
                0x08005038                HAL_I2S_ErrorCallback
 .text.I2S_DMATxCplt
                0x0800504c       0x42 ./Drivers/STM32H7xx_HAL_Driver/Src/stm32h7xx_hal_i2s.o
 .text.I2S_DMATxHalfCplt
                0x0800508e       0x1c ./Drivers/STM32H7xx_HAL_Driver/Src/stm32h7xx_hal_i2s.o
 .text.I2S_DMARxCplt
                0x080050aa       0x42 ./Drivers/STM32H7xx_HAL_Driver/Src/stm32h7xx_hal_i2s.o
 .text.I2S_DMARxHalfCplt
                0x080050ec       0x1c ./Drivers/STM32H7xx_HAL_Driver/Src/stm32h7xx_hal_i2s.o
 .text.I2S_DMAError
                0x08005108       0x4c ./Drivers/STM32H7xx_HAL_Driver/Src/stm32h7xx_hal_i2s.o
 .text.HAL_PCD_Init
                0x08005154      0x218 ./Drivers/STM32H7xx_HAL_Driver/Src/stm32h7xx_hal_pcd.o
                0x08005154                HAL_PCD_Init
 .text.HAL_PCD_Start
                0x0800536c       0x6a ./Drivers/STM32H7xx_HAL_Driver/Src/stm32h7xx_hal_pcd.o
                0x0800536c                HAL_PCD_Start
 .text.HAL_PCD_IRQHandler
                0x080053d6      0x99c ./Drivers/STM32H7xx_HAL_Driver/Src/stm32h7xx_hal_pcd.o
                0x080053d6                HAL_PCD_IRQHandler
 .text.HAL_PCD_SetAddress
                0x08005d72       0x48 ./Drivers/STM32H7xx_HAL_Driver/Src/stm32h7xx_hal_pcd.o
                0x08005d72                HAL_PCD_SetAddress
 .text.HAL_PCD_EP_Open
                0x08005dba       0xd4 ./Drivers/STM32H7xx_HAL_Driver/Src/stm32h7xx_hal_pcd.o
                0x08005dba                HAL_PCD_EP_Open
 .text.HAL_PCD_EP_Close
                0x08005e8e       0x94 ./Drivers/STM32H7xx_HAL_Driver/Src/stm32h7xx_hal_pcd.o
                0x08005e8e                HAL_PCD_EP_Close
 .text.HAL_PCD_EP_Receive
                0x08005f22       0x76 ./Drivers/STM32H7xx_HAL_Driver/Src/stm32h7xx_hal_pcd.o
                0x08005f22                HAL_PCD_EP_Receive
 .text.HAL_PCD_EP_GetRxCount
                0x08005f98       0x30 ./Drivers/STM32H7xx_HAL_Driver/Src/stm32h7xx_hal_pcd.o
                0x08005f98                HAL_PCD_EP_GetRxCount
 .text.HAL_PCD_EP_Transmit
                0x08005fc8       0x74 ./Drivers/STM32H7xx_HAL_Driver/Src/stm32h7xx_hal_pcd.o
                0x08005fc8                HAL_PCD_EP_Transmit
 .text.HAL_PCD_EP_SetStall
                0x0800603c       0xc6 ./Drivers/STM32H7xx_HAL_Driver/Src/stm32h7xx_hal_pcd.o
                0x0800603c                HAL_PCD_EP_SetStall
 .text.HAL_PCD_EP_ClrStall
                0x08006102       0xac ./Drivers/STM32H7xx_HAL_Driver/Src/stm32h7xx_hal_pcd.o
                0x08006102                HAL_PCD_EP_ClrStall
 .text.HAL_PCD_EP_Abort
                0x080061ae       0x62 ./Drivers/STM32H7xx_HAL_Driver/Src/stm32h7xx_hal_pcd.o
                0x080061ae                HAL_PCD_EP_Abort
 .text.PCD_WriteEmptyTxFifo
                0x08006210      0x118 ./Drivers/STM32H7xx_HAL_Driver/Src/stm32h7xx_hal_pcd.o
 .text.PCD_EP_OutXfrComplete_int
                0x08006328      0x1d0 ./Drivers/STM32H7xx_HAL_Driver/Src/stm32h7xx_hal_pcd.o
 .text.PCD_EP_OutSetupPacket_int
                0x080064f8       0x8c ./Drivers/STM32H7xx_HAL_Driver/Src/stm32h7xx_hal_pcd.o
 .text.HAL_PCDEx_SetTxFiFo
                0x08006584       0x8e ./Drivers/STM32H7xx_HAL_Driver/Src/stm32h7xx_hal_pcd_ex.o
                0x08006584                HAL_PCDEx_SetTxFiFo
 .text.HAL_PCDEx_SetRxFiFo
                0x08006612       0x22 ./Drivers/STM32H7xx_HAL_Driver/Src/stm32h7xx_hal_pcd_ex.o
                0x08006612                HAL_PCDEx_SetRxFiFo
 .text.HAL_PCDEx_ActivateLPM
                0x08006634       0x48 ./Drivers/STM32H7xx_HAL_Driver/Src/stm32h7xx_hal_pcd_ex.o
                0x08006634                HAL_PCDEx_ActivateLPM
 .text.HAL_PCDEx_LPM_Callback
                0x0800667c       0x18 ./Drivers/STM32H7xx_HAL_Driver/Src/stm32h7xx_hal_pcd_ex.o
                0x0800667c                HAL_PCDEx_LPM_Callback
 .text.HAL_PWREx_ConfigSupply
                0x08006694       0x74 ./Drivers/STM32H7xx_HAL_Driver/Src/stm32h7xx_hal_pwr_ex.o
                0x08006694                HAL_PWREx_ConfigSupply
 .text.HAL_PWREx_EnableUSBVoltageDetector
                0x08006708       0x20 ./Drivers/STM32H7xx_HAL_Driver/Src/stm32h7xx_hal_pwr_ex.o
                0x08006708                HAL_PWREx_EnableUSBVoltageDetector
 .text.HAL_RCC_OscConfig
                0x08006728      0x7b4 ./Drivers/STM32H7xx_HAL_Driver/Src/stm32h7xx_hal_rcc.o
                0x08006728                HAL_RCC_OscConfig
 .text.HAL_RCC_ClockConfig
                0x08006edc      0x36c ./Drivers/STM32H7xx_HAL_Driver/Src/stm32h7xx_hal_rcc.o
                0x08006edc                HAL_RCC_ClockConfig
 .text.HAL_RCC_GetSysClockFreq
                0x08007248      0x2f4 ./Drivers/STM32H7xx_HAL_Driver/Src/stm32h7xx_hal_rcc.o
                0x08007248                HAL_RCC_GetSysClockFreq
 .text.HAL_RCC_GetHCLKFreq
                0x0800753c       0x60 ./Drivers/STM32H7xx_HAL_Driver/Src/stm32h7xx_hal_rcc.o
                0x0800753c                HAL_RCC_GetHCLKFreq
 .text.HAL_RCC_GetPCLK1Freq
                0x0800759c       0x2c ./Drivers/STM32H7xx_HAL_Driver/Src/stm32h7xx_hal_rcc.o
                0x0800759c                HAL_RCC_GetPCLK1Freq
 .text.HAL_RCC_GetPCLK2Freq
                0x080075c8       0x2c ./Drivers/STM32H7xx_HAL_Driver/Src/stm32h7xx_hal_rcc.o
                0x080075c8                HAL_RCC_GetPCLK2Freq
 .text.HAL_RCCEx_PeriphCLKConfig
                0x080075f4     0x1340 ./Drivers/STM32H7xx_HAL_Driver/Src/stm32h7xx_hal_rcc_ex.o
                0x080075f4                HAL_RCCEx_PeriphCLKConfig
 .text.HAL_RCCEx_GetPeriphCLKFreq
                0x08008934      0x9a4 ./Drivers/STM32H7xx_HAL_Driver/Src/stm32h7xx_hal_rcc_ex.o
                0x08008934                HAL_RCCEx_GetPeriphCLKFreq
 .text.HAL_RCCEx_GetD3PCLK1Freq
                0x080092d8       0x2c ./Drivers/STM32H7xx_HAL_Driver/Src/stm32h7xx_hal_rcc_ex.o
                0x080092d8                HAL_RCCEx_GetD3PCLK1Freq
 .text.HAL_RCCEx_GetPLL2ClockFreq
                0x08009304      0x2a8 ./Drivers/STM32H7xx_HAL_Driver/Src/stm32h7xx_hal_rcc_ex.o
                0x08009304                HAL_RCCEx_GetPLL2ClockFreq
 .text.HAL_RCCEx_GetPLL3ClockFreq
                0x080095ac      0x2a8 ./Drivers/STM32H7xx_HAL_Driver/Src/stm32h7xx_hal_rcc_ex.o
                0x080095ac                HAL_RCCEx_GetPLL3ClockFreq
 .text.HAL_RCCEx_GetPLL1ClockFreq
                0x08009854      0x2a4 ./Drivers/STM32H7xx_HAL_Driver/Src/stm32h7xx_hal_rcc_ex.o
                0x08009854                HAL_RCCEx_GetPLL1ClockFreq
 .text.RCCEx_PLL2_Config
                0x08009af8      0x164 ./Drivers/STM32H7xx_HAL_Driver/Src/stm32h7xx_hal_rcc_ex.o
 .text.RCCEx_PLL3_Config
                0x08009c5c      0x164 ./Drivers/STM32H7xx_HAL_Driver/Src/stm32h7xx_hal_rcc_ex.o
 .text.HAL_UART_Init
                0x08009dc0       0xa0 ./Drivers/STM32H7xx_HAL_Driver/Src/stm32h7xx_hal_uart.o
                0x08009dc0                HAL_UART_Init
 .text.HAL_UART_MspInit
                0x08009e60       0x14 ./Drivers/STM32H7xx_HAL_Driver/Src/stm32h7xx_hal_uart.o
                0x08009e60                HAL_UART_MspInit
 .text.UART_SetConfig
                0x08009e74      0xcd8 ./Drivers/STM32H7xx_HAL_Driver/Src/stm32h7xx_hal_uart.o
                0x08009e74                UART_SetConfig
 .text.UART_AdvFeatureConfig
                0x0800ab4c      0x144 ./Drivers/STM32H7xx_HAL_Driver/Src/stm32h7xx_hal_uart.o
                0x0800ab4c                UART_AdvFeatureConfig
 .text.UART_CheckIdleState
                0x0800ac90      0x154 ./Drivers/STM32H7xx_HAL_Driver/Src/stm32h7xx_hal_uart.o
                0x0800ac90                UART_CheckIdleState
 .text.UART_WaitOnFlagUntilTimeout
                0x0800ade4       0xda ./Drivers/STM32H7xx_HAL_Driver/Src/stm32h7xx_hal_uart.o
                0x0800ade4                UART_WaitOnFlagUntilTimeout
 *fill*         0x0800aebe        0x2 
 .text.UART_EndRxTransfer
                0x0800aec0       0xcc ./Drivers/STM32H7xx_HAL_Driver/Src/stm32h7xx_hal_uart.o
 .text.USB_CoreInit
                0x0800af8c       0xe4 ./Drivers/STM32H7xx_HAL_Driver/Src/stm32h7xx_ll_usb.o
                0x0800af8c                USB_CoreInit
 .text.USB_SetTurnaroundTime
                0x0800b070      0x144 ./Drivers/STM32H7xx_HAL_Driver/Src/stm32h7xx_ll_usb.o
                0x0800b070                USB_SetTurnaroundTime
 .text.USB_EnableGlobalInt
                0x0800b1b4       0x22 ./Drivers/STM32H7xx_HAL_Driver/Src/stm32h7xx_ll_usb.o
                0x0800b1b4                USB_EnableGlobalInt
 .text.USB_DisableGlobalInt
                0x0800b1d6       0x22 ./Drivers/STM32H7xx_HAL_Driver/Src/stm32h7xx_ll_usb.o
                0x0800b1d6                USB_DisableGlobalInt
 .text.USB_SetCurrentMode
                0x0800b1f8       0x98 ./Drivers/STM32H7xx_HAL_Driver/Src/stm32h7xx_ll_usb.o
                0x0800b1f8                USB_SetCurrentMode
 .text.USB_DevInit
                0x0800b290      0x2bc ./Drivers/STM32H7xx_HAL_Driver/Src/stm32h7xx_ll_usb.o
                0x0800b290                USB_DevInit
 .text.USB_FlushTxFifo
                0x0800b54c       0x64 ./Drivers/STM32H7xx_HAL_Driver/Src/stm32h7xx_ll_usb.o
                0x0800b54c                USB_FlushTxFifo
 .text.USB_FlushRxFifo
                0x0800b5b0       0x5c ./Drivers/STM32H7xx_HAL_Driver/Src/stm32h7xx_ll_usb.o
                0x0800b5b0                USB_FlushRxFifo
 .text.USB_SetDevSpeed
                0x0800b60c       0x32 ./Drivers/STM32H7xx_HAL_Driver/Src/stm32h7xx_ll_usb.o
                0x0800b60c                USB_SetDevSpeed
 .text.USB_GetDevSpeed
                0x0800b63e       0x4a ./Drivers/STM32H7xx_HAL_Driver/Src/stm32h7xx_ll_usb.o
                0x0800b63e                USB_GetDevSpeed
 .text.USB_ActivateEndpoint
                0x0800b688      0x110 ./Drivers/STM32H7xx_HAL_Driver/Src/stm32h7xx_ll_usb.o
                0x0800b688                USB_ActivateEndpoint
 .text.USB_DeactivateEndpoint
                0x0800b798      0x1b8 ./Drivers/STM32H7xx_HAL_Driver/Src/stm32h7xx_ll_usb.o
                0x0800b798                USB_DeactivateEndpoint
 .text.USB_EPStartXfer
                0x0800b950      0x548 ./Drivers/STM32H7xx_HAL_Driver/Src/stm32h7xx_ll_usb.o
                0x0800b950                USB_EPStartXfer
 .text.USB_EPStopXfer
                0x0800be98      0x154 ./Drivers/STM32H7xx_HAL_Driver/Src/stm32h7xx_ll_usb.o
                0x0800be98                USB_EPStopXfer
 .text.USB_WritePacket
                0x0800bfec       0x7c ./Drivers/STM32H7xx_HAL_Driver/Src/stm32h7xx_ll_usb.o
                0x0800bfec                USB_WritePacket
 .text.USB_ReadPacket
                0x0800c068       0xb0 ./Drivers/STM32H7xx_HAL_Driver/Src/stm32h7xx_ll_usb.o
                0x0800c068                USB_ReadPacket
 .text.USB_EPSetStall
                0x0800c118       0xdc ./Drivers/STM32H7xx_HAL_Driver/Src/stm32h7xx_ll_usb.o
                0x0800c118                USB_EPSetStall
 .text.USB_EPClearStall
                0x0800c1f4       0xcc ./Drivers/STM32H7xx_HAL_Driver/Src/stm32h7xx_ll_usb.o
                0x0800c1f4                USB_EPClearStall
 .text.USB_SetDevAddress
                0x0800c2c0       0x4c ./Drivers/STM32H7xx_HAL_Driver/Src/stm32h7xx_ll_usb.o
                0x0800c2c0                USB_SetDevAddress
 .text.USB_DevConnect
                0x0800c30c       0x42 ./Drivers/STM32H7xx_HAL_Driver/Src/stm32h7xx_ll_usb.o
                0x0800c30c                USB_DevConnect
 .text.USB_DevDisconnect
                0x0800c34e       0x42 ./Drivers/STM32H7xx_HAL_Driver/Src/stm32h7xx_ll_usb.o
                0x0800c34e                USB_DevDisconnect
 .text.USB_ReadInterrupts
                0x0800c390       0x26 ./Drivers/STM32H7xx_HAL_Driver/Src/stm32h7xx_ll_usb.o
                0x0800c390                USB_ReadInterrupts
 .text.USB_ReadDevAllOutEpInterrupt
                0x0800c3b6       0x34 ./Drivers/STM32H7xx_HAL_Driver/Src/stm32h7xx_ll_usb.o
                0x0800c3b6                USB_ReadDevAllOutEpInterrupt
 .text.USB_ReadDevAllInEpInterrupt
                0x0800c3ea       0x34 ./Drivers/STM32H7xx_HAL_Driver/Src/stm32h7xx_ll_usb.o
                0x0800c3ea                USB_ReadDevAllInEpInterrupt
 .text.USB_ReadDevOutEPInterrupt
                0x0800c41e       0x3c ./Drivers/STM32H7xx_HAL_Driver/Src/stm32h7xx_ll_usb.o
                0x0800c41e                USB_ReadDevOutEPInterrupt
 .text.USB_ReadDevInEPInterrupt
                0x0800c45a       0x5c ./Drivers/STM32H7xx_HAL_Driver/Src/stm32h7xx_ll_usb.o
                0x0800c45a                USB_ReadDevInEPInterrupt
 .text.USB_GetMode
                0x0800c4b6       0x1c ./Drivers/STM32H7xx_HAL_Driver/Src/stm32h7xx_ll_usb.o
                0x0800c4b6                USB_GetMode
 *fill*         0x0800c4d2        0x2 
 .text.USB_ActivateSetup
                0x0800c4d4       0x48 ./Drivers/STM32H7xx_HAL_Driver/Src/stm32h7xx_ll_usb.o
                0x0800c4d4                USB_ActivateSetup
 .text.USB_EP0_OutStart
                0x0800c51c       0xbc ./Drivers/STM32H7xx_HAL_Driver/Src/stm32h7xx_ll_usb.o
                0x0800c51c                USB_EP0_OutStart
 .text.USB_CoreReset
                0x0800c5d8       0x62 ./Drivers/STM32H7xx_HAL_Driver/Src/stm32h7xx_ll_usb.o
 *fill*         0x0800c63a        0x2 
 .text.USBD_CDC_Init
                0x0800c63c      0x1f0 ./Middlewares/ST/STM32_USB_Device_Library/Class/CDC/Src/usbd_cdc.o
 .text.USBD_CDC_DeInit
                0x0800c82c      0x104 ./Middlewares/ST/STM32_USB_Device_Library/Class/CDC/Src/usbd_cdc.o
 .text.USBD_CDC_Setup
                0x0800c930      0x1b8 ./Middlewares/ST/STM32_USB_Device_Library/Class/CDC/Src/usbd_cdc.o
 .text.USBD_CDC_DataIn
                0x0800cae8       0xfe ./Middlewares/ST/STM32_USB_Device_Library/Class/CDC/Src/usbd_cdc.o
 .text.USBD_CDC_DataOut
                0x0800cbe6       0x70 ./Middlewares/ST/STM32_USB_Device_Library/Class/CDC/Src/usbd_cdc.o
 .text.USBD_CDC_EP0_RxReady
                0x0800cc56       0x74 ./Middlewares/ST/STM32_USB_Device_Library/Class/CDC/Src/usbd_cdc.o
 *fill*         0x0800ccca        0x2 
 .text.USBD_CDC_GetFSCfgDesc
                0x0800cccc       0x70 ./Middlewares/ST/STM32_USB_Device_Library/Class/CDC/Src/usbd_cdc.o
 .text.USBD_CDC_GetHSCfgDesc
                0x0800cd3c       0x70 ./Middlewares/ST/STM32_USB_Device_Library/Class/CDC/Src/usbd_cdc.o
 .text.USBD_CDC_GetOtherSpeedCfgDesc
                0x0800cdac       0x70 ./Middlewares/ST/STM32_USB_Device_Library/Class/CDC/Src/usbd_cdc.o
 .text.USBD_CDC_GetDeviceQualifierDescriptor
                0x0800ce1c       0x20 ./Middlewares/ST/STM32_USB_Device_Library/Class/CDC/Src/usbd_cdc.o
                0x0800ce1c                USBD_CDC_GetDeviceQualifierDescriptor
 .text.USBD_CDC_RegisterInterface
                0x0800ce3c       0x34 ./Middlewares/ST/STM32_USB_Device_Library/Class/CDC/Src/usbd_cdc.o
                0x0800ce3c                USBD_CDC_RegisterInterface
 .text.USBD_CDC_SetTxBuffer
                0x0800ce70       0x44 ./Middlewares/ST/STM32_USB_Device_Library/Class/CDC/Src/usbd_cdc.o
                0x0800ce70                USBD_CDC_SetTxBuffer
 .text.USBD_CDC_SetRxBuffer
                0x0800ceb4       0x3a ./Middlewares/ST/STM32_USB_Device_Library/Class/CDC/Src/usbd_cdc.o
                0x0800ceb4                USBD_CDC_SetRxBuffer
 *fill*         0x0800ceee        0x2 
 .text.USBD_CDC_ReceivePacket
                0x0800cef0       0x6c ./Middlewares/ST/STM32_USB_Device_Library/Class/CDC/Src/usbd_cdc.o
                0x0800cef0                USBD_CDC_ReceivePacket
 .text.USBD_Init
                0x0800cf5c       0x60 ./Middlewares/ST/STM32_USB_Device_Library/Core/Src/usbd_core.o
                0x0800cf5c                USBD_Init
 .text.USBD_RegisterClass
                0x0800cfbc       0x6c ./Middlewares/ST/STM32_USB_Device_Library/Core/Src/usbd_core.o
                0x0800cfbc                USBD_RegisterClass
 .text.USBD_Start
                0x0800d028       0x18 ./Middlewares/ST/STM32_USB_Device_Library/Core/Src/usbd_core.o
                0x0800d028                USBD_Start
 .text.USBD_RunTestMode
                0x0800d040       0x16 ./Middlewares/ST/STM32_USB_Device_Library/Core/Src/usbd_core.o
                0x0800d040                USBD_RunTestMode
 .text.USBD_SetClassConfig
                0x0800d056       0x38 ./Middlewares/ST/STM32_USB_Device_Library/Core/Src/usbd_core.o
                0x0800d056                USBD_SetClassConfig
 .text.USBD_ClrClassConfig
                0x0800d08e       0x34 ./Middlewares/ST/STM32_USB_Device_Library/Core/Src/usbd_core.o
                0x0800d08e                USBD_ClrClassConfig
 .text.USBD_LL_SetupStage
                0x0800d0c2       0xaa ./Middlewares/ST/STM32_USB_Device_Library/Core/Src/usbd_core.o
                0x0800d0c2                USBD_LL_SetupStage
 .text.USBD_LL_DataOutStage
                0x0800d16c      0x166 ./Middlewares/ST/STM32_USB_Device_Library/Core/Src/usbd_core.o
                0x0800d16c                USBD_LL_DataOutStage
 .text.USBD_LL_DataInStage
                0x0800d2d2      0x164 ./Middlewares/ST/STM32_USB_Device_Library/Core/Src/usbd_core.o
                0x0800d2d2                USBD_LL_DataInStage
 .text.USBD_LL_Reset
                0x0800d436       0xa4 ./Middlewares/ST/STM32_USB_Device_Library/Core/Src/usbd_core.o
                0x0800d436                USBD_LL_Reset
 .text.USBD_LL_SetSpeed
                0x0800d4da       0x20 ./Middlewares/ST/STM32_USB_Device_Library/Core/Src/usbd_core.o
                0x0800d4da                USBD_LL_SetSpeed
 .text.USBD_LL_Suspend
                0x0800d4fa       0x38 ./Middlewares/ST/STM32_USB_Device_Library/Core/Src/usbd_core.o
                0x0800d4fa                USBD_LL_Suspend
 .text.USBD_LL_Resume
                0x0800d532       0x30 ./Middlewares/ST/STM32_USB_Device_Library/Core/Src/usbd_core.o
                0x0800d532                USBD_LL_Resume
 .text.USBD_LL_SOF
                0x0800d562       0x40 ./Middlewares/ST/STM32_USB_Device_Library/Core/Src/usbd_core.o
                0x0800d562                USBD_LL_SOF
 .text.USBD_LL_IsoINIncomplete
                0x0800d5a2       0x64 ./Middlewares/ST/STM32_USB_Device_Library/Core/Src/usbd_core.o
                0x0800d5a2                USBD_LL_IsoINIncomplete
 .text.USBD_LL_IsoOUTIncomplete
                0x0800d606       0x64 ./Middlewares/ST/STM32_USB_Device_Library/Core/Src/usbd_core.o
                0x0800d606                USBD_LL_IsoOUTIncomplete
 .text.USBD_LL_DevConnected
                0x0800d66a       0x16 ./Middlewares/ST/STM32_USB_Device_Library/Core/Src/usbd_core.o
                0x0800d66a                USBD_LL_DevConnected
 .text.USBD_LL_DevDisconnected
                0x0800d680       0x46 ./Middlewares/ST/STM32_USB_Device_Library/Core/Src/usbd_core.o
                0x0800d680                USBD_LL_DevDisconnected
 .text.USBD_CoreFindIF
                0x0800d6c6       0x1a ./Middlewares/ST/STM32_USB_Device_Library/Core/Src/usbd_core.o
                0x0800d6c6                USBD_CoreFindIF
 .text.USBD_CoreFindEP
                0x0800d6e0       0x1a ./Middlewares/ST/STM32_USB_Device_Library/Core/Src/usbd_core.o
                0x0800d6e0                USBD_CoreFindEP
 .text.USBD_GetEpDesc
                0x0800d6fa       0x70 ./Middlewares/ST/STM32_USB_Device_Library/Core/Src/usbd_core.o
                0x0800d6fa                USBD_GetEpDesc
 .text.USBD_GetNextDesc
                0x0800d76a       0x38 ./Middlewares/ST/STM32_USB_Device_Library/Core/Src/usbd_core.o
                0x0800d76a                USBD_GetNextDesc
 .text.SWAPBYTE
                0x0800d7a2       0x3e ./Middlewares/ST/STM32_USB_Device_Library/Core/Src/usbd_ctlreq.o
 .text.USBD_StdDevReq
                0x0800d7e0       0xe4 ./Middlewares/ST/STM32_USB_Device_Library/Core/Src/usbd_ctlreq.o
                0x0800d7e0                USBD_StdDevReq
 .text.USBD_StdItfReq
                0x0800d8c4       0xd8 ./Middlewares/ST/STM32_USB_Device_Library/Core/Src/usbd_ctlreq.o
                0x0800d8c4                USBD_StdItfReq
 .text.USBD_StdEPReq
                0x0800d99c      0x33a ./Middlewares/ST/STM32_USB_Device_Library/Core/Src/usbd_ctlreq.o
                0x0800d99c                USBD_StdEPReq
 *fill*         0x0800dcd6        0x2 
 .text.USBD_GetDescriptor
                0x0800dcd8      0x328 ./Middlewares/ST/STM32_USB_Device_Library/Core/Src/usbd_ctlreq.o
 .text.USBD_SetAddress
                0x0800e000       0x88 ./Middlewares/ST/STM32_USB_Device_Library/Core/Src/usbd_ctlreq.o
 .text.USBD_SetConfig
                0x0800e088      0x154 ./Middlewares/ST/STM32_USB_Device_Library/Core/Src/usbd_ctlreq.o
 .text.USBD_GetConfig
                0x0800e1dc       0x6c ./Middlewares/ST/STM32_USB_Device_Library/Core/Src/usbd_ctlreq.o
 .text.USBD_GetStatus
                0x0800e248       0x68 ./Middlewares/ST/STM32_USB_Device_Library/Core/Src/usbd_ctlreq.o
 .text.USBD_SetFeature
                0x0800e2b0       0x52 ./Middlewares/ST/STM32_USB_Device_Library/Core/Src/usbd_ctlreq.o
 .text.USBD_ClrFeature
                0x0800e302       0x44 ./Middlewares/ST/STM32_USB_Device_Library/Core/Src/usbd_ctlreq.o
 .text.USBD_ParseSetupRequest
                0x0800e346       0x74 ./Middlewares/ST/STM32_USB_Device_Library/Core/Src/usbd_ctlreq.o
                0x0800e346                USBD_ParseSetupRequest
 .text.USBD_CtlError
                0x0800e3ba       0x22 ./Middlewares/ST/STM32_USB_Device_Library/Core/Src/usbd_ctlreq.o
                0x0800e3ba                USBD_CtlError
 .text.USBD_GetString
                0x0800e3dc       0xa4 ./Middlewares/ST/STM32_USB_Device_Library/Core/Src/usbd_ctlreq.o
                0x0800e3dc                USBD_GetString
 .text.USBD_GetLen
                0x0800e480       0x34 ./Middlewares/ST/STM32_USB_Device_Library/Core/Src/usbd_ctlreq.o
 .text.USBD_CtlSendData
                0x0800e4b4       0x36 ./Middlewares/ST/STM32_USB_Device_Library/Core/Src/usbd_ioreq.o
                0x0800e4b4                USBD_CtlSendData
 .text.USBD_CtlContinueSendData
                0x0800e4ea       0x22 ./Middlewares/ST/STM32_USB_Device_Library/Core/Src/usbd_ioreq.o
                0x0800e4ea                USBD_CtlContinueSendData
 .text.USBD_CtlPrepareRx
                0x0800e50c       0x3a ./Middlewares/ST/STM32_USB_Device_Library/Core/Src/usbd_ioreq.o
                0x0800e50c                USBD_CtlPrepareRx
 .text.USBD_CtlContinueRx
                0x0800e546       0x22 ./Middlewares/ST/STM32_USB_Device_Library/Core/Src/usbd_ioreq.o
                0x0800e546                USBD_CtlContinueRx
 .text.USBD_CtlSendStatus
                0x0800e568       0x26 ./Middlewares/ST/STM32_USB_Device_Library/Core/Src/usbd_ioreq.o
                0x0800e568                USBD_CtlSendStatus
 .text.USBD_CtlReceiveStatus
                0x0800e58e       0x26 ./Middlewares/ST/STM32_USB_Device_Library/Core/Src/usbd_ioreq.o
                0x0800e58e                USBD_CtlReceiveStatus
 .text.MX_USB_DEVICE_Init
                0x0800e5b4       0x64 ./USB_DEVICE/App/usb_device.o
                0x0800e5b4                MX_USB_DEVICE_Init
 .text.CDC_Init_HS
                0x0800e618       0x28 ./USB_DEVICE/App/usbd_cdc_if.o
 .text.CDC_DeInit_HS
                0x0800e640       0x10 ./USB_DEVICE/App/usbd_cdc_if.o
 .text.CDC_Control_HS
                0x0800e650       0xbc ./USB_DEVICE/App/usbd_cdc_if.o
 .text.CDC_Receive_HS
                0x0800e70c       0x28 ./USB_DEVICE/App/usbd_cdc_if.o
 .text.CDC_TransmitCplt_HS
                0x0800e734       0x22 ./USB_DEVICE/App/usbd_cdc_if.o
 *fill*         0x0800e756        0x2 
 .text.USBD_HS_DeviceDescriptor
                0x0800e758       0x24 ./USB_DEVICE/App/usbd_desc.o
                0x0800e758                USBD_HS_DeviceDescriptor
 .text.USBD_HS_LangIDStrDescriptor
                0x0800e77c       0x24 ./USB_DEVICE/App/usbd_desc.o
                0x0800e77c                USBD_HS_LangIDStrDescriptor
 .text.USBD_HS_ProductStrDescriptor
                0x0800e7a0       0x3c ./USB_DEVICE/App/usbd_desc.o
                0x0800e7a0                USBD_HS_ProductStrDescriptor
 .text.USBD_HS_ManufacturerStrDescriptor
                0x0800e7dc       0x28 ./USB_DEVICE/App/usbd_desc.o
                0x0800e7dc                USBD_HS_ManufacturerStrDescriptor
 .text.USBD_HS_SerialStrDescriptor
                0x0800e804       0x24 ./USB_DEVICE/App/usbd_desc.o
                0x0800e804                USBD_HS_SerialStrDescriptor
 .text.USBD_HS_ConfigStrDescriptor
                0x0800e828       0x3c ./USB_DEVICE/App/usbd_desc.o
                0x0800e828                USBD_HS_ConfigStrDescriptor
 .text.USBD_HS_InterfaceStrDescriptor
                0x0800e864       0x3c ./USB_DEVICE/App/usbd_desc.o
                0x0800e864                USBD_HS_InterfaceStrDescriptor
 .text.Get_SerialNum
                0x0800e8a0       0x58 ./USB_DEVICE/App/usbd_desc.o
 .text.IntToUnicode
                0x0800e8f8       0x7e ./USB_DEVICE/App/usbd_desc.o
 *fill*         0x0800e976        0x2 
 .text.HAL_PCD_MspInit
                0x0800e978       0x8c ./USB_DEVICE/Target/usbd_conf.o
                0x0800e978                HAL_PCD_MspInit
 .text.HAL_PCD_SetupStageCallback
                0x0800ea04       0x24 ./USB_DEVICE/Target/usbd_conf.o
                0x0800ea04                HAL_PCD_SetupStageCallback
 .text.HAL_PCD_DataOutStageCallback
                0x0800ea28       0x36 ./USB_DEVICE/Target/usbd_conf.o
                0x0800ea28                HAL_PCD_DataOutStageCallback
 .text.HAL_PCD_DataInStageCallback
                0x0800ea5e       0x34 ./USB_DEVICE/Target/usbd_conf.o
                0x0800ea5e                HAL_PCD_DataInStageCallback
 .text.HAL_PCD_SOFCallback
                0x0800ea92       0x1c ./USB_DEVICE/Target/usbd_conf.o
                0x0800ea92                HAL_PCD_SOFCallback
 .text.HAL_PCD_ResetCallback
                0x0800eaae       0x50 ./USB_DEVICE/Target/usbd_conf.o
                0x0800eaae                HAL_PCD_ResetCallback
 *fill*         0x0800eafe        0x2 
 .text.HAL_PCD_SuspendCallback
                0x0800eb00       0x4c ./USB_DEVICE/Target/usbd_conf.o
                0x0800eb00                HAL_PCD_SuspendCallback
 .text.HAL_PCD_ResumeCallback
                0x0800eb4c       0x1c ./USB_DEVICE/Target/usbd_conf.o
                0x0800eb4c                HAL_PCD_ResumeCallback
 .text.HAL_PCD_ISOOUTIncompleteCallback
                0x0800eb68       0x24 ./USB_DEVICE/Target/usbd_conf.o
                0x0800eb68                HAL_PCD_ISOOUTIncompleteCallback
 .text.HAL_PCD_ISOINIncompleteCallback
                0x0800eb8c       0x24 ./USB_DEVICE/Target/usbd_conf.o
                0x0800eb8c                HAL_PCD_ISOINIncompleteCallback
 .text.HAL_PCD_ConnectCallback
                0x0800ebb0       0x1c ./USB_DEVICE/Target/usbd_conf.o
                0x0800ebb0                HAL_PCD_ConnectCallback
 .text.HAL_PCD_DisconnectCallback
                0x0800ebcc       0x1c ./USB_DEVICE/Target/usbd_conf.o
                0x0800ebcc                HAL_PCD_DisconnectCallback
 .text.USBD_LL_Init
                0x0800ebe8       0xa4 ./USB_DEVICE/Target/usbd_conf.o
                0x0800ebe8                USBD_LL_Init
 .text.USBD_LL_Start
                0x0800ec8c       0x36 ./USB_DEVICE/Target/usbd_conf.o
                0x0800ec8c                USBD_LL_Start
 .text.USBD_LL_OpenEP
                0x0800ecc2       0x4c ./USB_DEVICE/Target/usbd_conf.o
                0x0800ecc2                USBD_LL_OpenEP
 .text.USBD_LL_CloseEP
                0x0800ed0e       0x3e ./USB_DEVICE/Target/usbd_conf.o
                0x0800ed0e                USBD_LL_CloseEP
 .text.USBD_LL_StallEP
                0x0800ed4c       0x3e ./USB_DEVICE/Target/usbd_conf.o
                0x0800ed4c                USBD_LL_StallEP
 .text.USBD_LL_ClearStallEP
                0x0800ed8a       0x3e ./USB_DEVICE/Target/usbd_conf.o
                0x0800ed8a                USBD_LL_ClearStallEP
 .text.USBD_LL_IsStallEP
                0x0800edc8       0x58 ./USB_DEVICE/Target/usbd_conf.o
                0x0800edc8                USBD_LL_IsStallEP
 .text.USBD_LL_SetUSBAddress
                0x0800ee20       0x3e ./USB_DEVICE/Target/usbd_conf.o
                0x0800ee20                USBD_LL_SetUSBAddress
 .text.USBD_LL_Transmit
                0x0800ee5e       0x42 ./USB_DEVICE/Target/usbd_conf.o
                0x0800ee5e                USBD_LL_Transmit
 .text.USBD_LL_PrepareReceive
                0x0800eea0       0x42 ./USB_DEVICE/Target/usbd_conf.o
                0x0800eea0                USBD_LL_PrepareReceive
 .text.USBD_LL_GetRxDataSize
                0x0800eee2       0x26 ./USB_DEVICE/Target/usbd_conf.o
                0x0800eee2                USBD_LL_GetRxDataSize
 .text.USBD_static_malloc
                0x0800ef08       0x1c ./USB_DEVICE/Target/usbd_conf.o
                0x0800ef08                USBD_static_malloc
 .text.USBD_static_free
                0x0800ef24       0x14 ./USB_DEVICE/Target/usbd_conf.o
                0x0800ef24                USBD_static_free
 .text.USBD_Get_USB_Status
                0x0800ef38       0x58 ./USB_DEVICE/Target/usbd_conf.o
                0x0800ef38                USBD_Get_USB_Status
 .text.arm_mean_f32
                0x0800ef90       0x80 ../Middlewares/ST/ARM/DSP/Lib\libarm_cortexM7lfsp_math.a(arm_mean_f32.o)
                0x0800ef90                arm_mean_f32
 .text.arm_max_f32
                0x0800f010       0xd0 ../Middlewares/ST/ARM/DSP/Lib\libarm_cortexM7lfsp_math.a(arm_max_f32.o)
                0x0800f010                arm_max_f32
 .text.arm_rfft_32_fast_init_f32
                0x0800f0e0       0x38 ../Middlewares/ST/ARM/DSP/Lib\libarm_cortexM7lfsp_math.a(arm_rfft_fast_init_f32.o)
                0x0800f0e0                arm_rfft_32_fast_init_f32
 .text.arm_rfft_64_fast_init_f32
                0x0800f118       0x38 ../Middlewares/ST/ARM/DSP/Lib\libarm_cortexM7lfsp_math.a(arm_rfft_fast_init_f32.o)
                0x0800f118                arm_rfft_64_fast_init_f32
 .text.arm_rfft_256_fast_init_f32
                0x0800f150       0x38 ../Middlewares/ST/ARM/DSP/Lib\libarm_cortexM7lfsp_math.a(arm_rfft_fast_init_f32.o)
                0x0800f150                arm_rfft_256_fast_init_f32
 .text.arm_rfft_512_fast_init_f32
                0x0800f188       0x3c ../Middlewares/ST/ARM/DSP/Lib\libarm_cortexM7lfsp_math.a(arm_rfft_fast_init_f32.o)
                0x0800f188                arm_rfft_512_fast_init_f32
 .text.arm_rfft_1024_fast_init_f32
                0x0800f1c4       0x3c ../Middlewares/ST/ARM/DSP/Lib\libarm_cortexM7lfsp_math.a(arm_rfft_fast_init_f32.o)
                0x0800f1c4                arm_rfft_1024_fast_init_f32
 .text.arm_rfft_2048_fast_init_f32
                0x0800f200       0x3c ../Middlewares/ST/ARM/DSP/Lib\libarm_cortexM7lfsp_math.a(arm_rfft_fast_init_f32.o)
                0x0800f200                arm_rfft_2048_fast_init_f32
 .text.arm_rfft_4096_fast_init_f32
                0x0800f23c       0x3c ../Middlewares/ST/ARM/DSP/Lib\libarm_cortexM7lfsp_math.a(arm_rfft_fast_init_f32.o)
                0x0800f23c                arm_rfft_4096_fast_init_f32
 .text.arm_rfft_fast_init_f32
                0x0800f278       0x68 ../Middlewares/ST/ARM/DSP/Lib\libarm_cortexM7lfsp_math.a(arm_rfft_fast_init_f32.o)
                0x0800f278                arm_rfft_fast_init_f32
 .text.stage_rfft_f32
                0x0800f2e0       0xb8 ../Middlewares/ST/ARM/DSP/Lib\libarm_cortexM7lfsp_math.a(arm_rfft_fast_f32.o)
                0x0800f2e0                stage_rfft_f32
 .text.merge_rfft_f32
                0x0800f398       0xac ../Middlewares/ST/ARM/DSP/Lib\libarm_cortexM7lfsp_math.a(arm_rfft_fast_f32.o)
                0x0800f398                merge_rfft_f32
 .text.arm_rfft_fast_f32
                0x0800f444       0x40 ../Middlewares/ST/ARM/DSP/Lib\libarm_cortexM7lfsp_math.a(arm_rfft_fast_f32.o)
                0x0800f444                arm_rfft_fast_f32
 .text.arm_cfft_radix8by2_f32
                0x0800f484      0x198 ../Middlewares/ST/ARM/DSP/Lib\libarm_cortexM7lfsp_math.a(arm_cfft_f32.o)
                0x0800f484                arm_cfft_radix8by2_f32
 .text.arm_cfft_radix8by4_f32
                0x0800f61c      0x4b8 ../Middlewares/ST/ARM/DSP/Lib\libarm_cortexM7lfsp_math.a(arm_cfft_f32.o)
                0x0800f61c                arm_cfft_radix8by4_f32
 .text.arm_cfft_f32
                0x0800fad4       0xec ../Middlewares/ST/ARM/DSP/Lib\libarm_cortexM7lfsp_math.a(arm_cfft_f32.o)
                0x0800fad4                arm_cfft_f32
 .text.arm_bitreversal_32
                0x0800fbc0       0x50 ../Middlewares/ST/ARM/DSP/Lib\libarm_cortexM7lfsp_math.a(arm_bitreversal2.o)
                0x0800fbc0                arm_bitreversal_32
 .text.arm_cmplx_mag_f32
                0x0800fc10      0x248 ../Middlewares/ST/ARM/DSP/Lib\libarm_cortexM7lfsp_math.a(arm_cmplx_mag_f32.o)
                0x0800fc10                arm_cmplx_mag_f32
 .text.arm_sin_f32
                0x0800fe58       0x8c ../Middlewares/ST/ARM/DSP/Lib\libarm_cortexM7lfsp_math.a(arm_sin_f32.o)
                0x0800fe58                arm_sin_f32
 .text.arm_scale_f32
                0x0800fee4       0x88 ../Middlewares/ST/ARM/DSP/Lib\libarm_cortexM7lfsp_math.a(arm_scale_f32.o)
                0x0800fee4                arm_scale_f32
 .text.arm_offset_f32
                0x0800ff6c       0x88 ../Middlewares/ST/ARM/DSP/Lib\libarm_cortexM7lfsp_math.a(arm_offset_f32.o)
                0x0800ff6c                arm_offset_f32
 .text.arm_radix8_butterfly_f32
                0x0800fff4      0x584 ../Middlewares/ST/ARM/DSP/Lib\libarm_cortexM7lfsp_math.a(arm_cfft_radix8_f32.o)
                0x0800fff4                arm_radix8_butterfly_f32
 .text.__cvt    0x08010578       0xa8 C:/ST/STM32CubeIDE_1.19.0/STM32CubeIDE/plugins/com.st.stm32cube.ide.mcu.externaltools.gnu-tools-for-stm32.13.3.rel1.win32_1.0.0.202411081344/tools/bin/../lib/gcc/arm-none-eabi/13.3.1/../../../../arm-none-eabi/lib/thumb/v7e-m+dp/hard\libc_nano.a(libc_a-nano-vfprintf_float.o)
                0x08010578                __cvt
 .text.__exponent
                0x08010620       0x74 C:/ST/STM32CubeIDE_1.19.0/STM32CubeIDE/plugins/com.st.stm32cube.ide.mcu.externaltools.gnu-tools-for-stm32.13.3.rel1.win32_1.0.0.202411081344/tools/bin/../lib/gcc/arm-none-eabi/13.3.1/../../../../arm-none-eabi/lib/thumb/v7e-m+dp/hard\libc_nano.a(libc_a-nano-vfprintf_float.o)
                0x08010620                __exponent
 *fill*         0x08010694        0x4 
 .text._printf_float
                0x08010698      0x434 C:/ST/STM32CubeIDE_1.19.0/STM32CubeIDE/plugins/com.st.stm32cube.ide.mcu.externaltools.gnu-tools-for-stm32.13.3.rel1.win32_1.0.0.202411081344/tools/bin/../lib/gcc/arm-none-eabi/13.3.1/../../../../arm-none-eabi/lib/thumb/v7e-m+dp/hard\libc_nano.a(libc_a-nano-vfprintf_float.o)
                0x08010698                _printf_float
 .text._printf_common
                0x08010acc       0xda C:/ST/STM32CubeIDE_1.19.0/STM32CubeIDE/plugins/com.st.stm32cube.ide.mcu.externaltools.gnu-tools-for-stm32.13.3.rel1.win32_1.0.0.202411081344/tools/bin/../lib/gcc/arm-none-eabi/13.3.1/../../../../arm-none-eabi/lib/thumb/v7e-m+dp/hard\libc_nano.a(libc_a-nano-vfprintf_i.o)
                0x08010acc                _printf_common
 *fill*         0x08010ba6        0x2 
 .text._printf_i
                0x08010ba8      0x23c C:/ST/STM32CubeIDE_1.19.0/STM32CubeIDE/plugins/com.st.stm32cube.ide.mcu.externaltools.gnu-tools-for-stm32.13.3.rel1.win32_1.0.0.202411081344/tools/bin/../lib/gcc/arm-none-eabi/13.3.1/../../../../arm-none-eabi/lib/thumb/v7e-m+dp/hard\libc_nano.a(libc_a-nano-vfprintf_i.o)
                0x08010ba8                _printf_i
 .text.std      0x08010de4       0x6c C:/ST/STM32CubeIDE_1.19.0/STM32CubeIDE/plugins/com.st.stm32cube.ide.mcu.externaltools.gnu-tools-for-stm32.13.3.rel1.win32_1.0.0.202411081344/tools/bin/../lib/gcc/arm-none-eabi/13.3.1/../../../../arm-none-eabi/lib/thumb/v7e-m+dp/hard\libc_nano.a(libc_a-findfp.o)
 .text.stdio_exit_handler
                0x08010e50       0x18 C:/ST/STM32CubeIDE_1.19.0/STM32CubeIDE/plugins/com.st.stm32cube.ide.mcu.externaltools.gnu-tools-for-stm32.13.3.rel1.win32_1.0.0.202411081344/tools/bin/../lib/gcc/arm-none-eabi/13.3.1/../../../../arm-none-eabi/lib/thumb/v7e-m+dp/hard\libc_nano.a(libc_a-findfp.o)
 .text.cleanup_stdio
                0x08010e68       0x40 C:/ST/STM32CubeIDE_1.19.0/STM32CubeIDE/plugins/com.st.stm32cube.ide.mcu.externaltools.gnu-tools-for-stm32.13.3.rel1.win32_1.0.0.202411081344/tools/bin/../lib/gcc/arm-none-eabi/13.3.1/../../../../arm-none-eabi/lib/thumb/v7e-m+dp/hard\libc_nano.a(libc_a-findfp.o)
 .text.global_stdio_init.part.0
                0x08010ea8       0x3c C:/ST/STM32CubeIDE_1.19.0/STM32CubeIDE/plugins/com.st.stm32cube.ide.mcu.externaltools.gnu-tools-for-stm32.13.3.rel1.win32_1.0.0.202411081344/tools/bin/../lib/gcc/arm-none-eabi/13.3.1/../../../../arm-none-eabi/lib/thumb/v7e-m+dp/hard\libc_nano.a(libc_a-findfp.o)
 .text.__sfp_lock_acquire
                0x08010ee4        0xc C:/ST/STM32CubeIDE_1.19.0/STM32CubeIDE/plugins/com.st.stm32cube.ide.mcu.externaltools.gnu-tools-for-stm32.13.3.rel1.win32_1.0.0.202411081344/tools/bin/../lib/gcc/arm-none-eabi/13.3.1/../../../../arm-none-eabi/lib/thumb/v7e-m+dp/hard\libc_nano.a(libc_a-findfp.o)
                0x08010ee4                __sfp_lock_acquire
 .text.__sfp_lock_release
                0x08010ef0        0xc C:/ST/STM32CubeIDE_1.19.0/STM32CubeIDE/plugins/com.st.stm32cube.ide.mcu.externaltools.gnu-tools-for-stm32.13.3.rel1.win32_1.0.0.202411081344/tools/bin/../lib/gcc/arm-none-eabi/13.3.1/../../../../arm-none-eabi/lib/thumb/v7e-m+dp/hard\libc_nano.a(libc_a-findfp.o)
                0x08010ef0                __sfp_lock_release
 .text.__sinit  0x08010efc       0x30 C:/ST/STM32CubeIDE_1.19.0/STM32CubeIDE/plugins/com.st.stm32cube.ide.mcu.externaltools.gnu-tools-for-stm32.13.3.rel1.win32_1.0.0.202411081344/tools/bin/../lib/gcc/arm-none-eabi/13.3.1/../../../../arm-none-eabi/lib/thumb/v7e-m+dp/hard\libc_nano.a(libc_a-findfp.o)
                0x08010efc                __sinit
 .text._fwalk_sglue
                0x08010f2c       0x3c C:/ST/STM32CubeIDE_1.19.0/STM32CubeIDE/plugins/com.st.stm32cube.ide.mcu.externaltools.gnu-tools-for-stm32.13.3.rel1.win32_1.0.0.202411081344/tools/bin/../lib/gcc/arm-none-eabi/13.3.1/../../../../arm-none-eabi/lib/thumb/v7e-m+dp/hard\libc_nano.a(libc_a-fwalk.o)
                0x08010f2c                _fwalk_sglue
 .text.printf   0x08010f68       0x24 C:/ST/STM32CubeIDE_1.19.0/STM32CubeIDE/plugins/com.st.stm32cube.ide.mcu.externaltools.gnu-tools-for-stm32.13.3.rel1.win32_1.0.0.202411081344/tools/bin/../lib/gcc/arm-none-eabi/13.3.1/../../../../arm-none-eabi/lib/thumb/v7e-m+dp/hard\libc_nano.a(libc_a-printf.o)
                0x08010f68                iprintf
                0x08010f68                printf
 .text._puts_r  0x08010f8c       0xaa C:/ST/STM32CubeIDE_1.19.0/STM32CubeIDE/plugins/com.st.stm32cube.ide.mcu.externaltools.gnu-tools-for-stm32.13.3.rel1.win32_1.0.0.202411081344/tools/bin/../lib/gcc/arm-none-eabi/13.3.1/../../../../arm-none-eabi/lib/thumb/v7e-m+dp/hard\libc_nano.a(libc_a-puts.o)
                0x08010f8c                _puts_r
 *fill*         0x08011036        0x2 
 .text.puts     0x08011038       0x10 C:/ST/STM32CubeIDE_1.19.0/STM32CubeIDE/plugins/com.st.stm32cube.ide.mcu.externaltools.gnu-tools-for-stm32.13.3.rel1.win32_1.0.0.202411081344/tools/bin/../lib/gcc/arm-none-eabi/13.3.1/../../../../arm-none-eabi/lib/thumb/v7e-m+dp/hard\libc_nano.a(libc_a-puts.o)
                0x08011038                puts
 .text.__sread  0x08011048       0x22 C:/ST/STM32CubeIDE_1.19.0/STM32CubeIDE/plugins/com.st.stm32cube.ide.mcu.externaltools.gnu-tools-for-stm32.13.3.rel1.win32_1.0.0.202411081344/tools/bin/../lib/gcc/arm-none-eabi/13.3.1/../../../../arm-none-eabi/lib/thumb/v7e-m+dp/hard\libc_nano.a(libc_a-stdio.o)
                0x08011048                __sread
 .text.__swrite
                0x0801106a       0x38 C:/ST/STM32CubeIDE_1.19.0/STM32CubeIDE/plugins/com.st.stm32cube.ide.mcu.externaltools.gnu-tools-for-stm32.13.3.rel1.win32_1.0.0.202411081344/tools/bin/../lib/gcc/arm-none-eabi/13.3.1/../../../../arm-none-eabi/lib/thumb/v7e-m+dp/hard\libc_nano.a(libc_a-stdio.o)
                0x0801106a                __swrite
 .text.__sseek  0x080110a2       0x24 C:/ST/STM32CubeIDE_1.19.0/STM32CubeIDE/plugins/com.st.stm32cube.ide.mcu.externaltools.gnu-tools-for-stm32.13.3.rel1.win32_1.0.0.202411081344/tools/bin/../lib/gcc/arm-none-eabi/13.3.1/../../../../arm-none-eabi/lib/thumb/v7e-m+dp/hard\libc_nano.a(libc_a-stdio.o)
                0x080110a2                __sseek
 .text.__sclose
                0x080110c6        0x8 C:/ST/STM32CubeIDE_1.19.0/STM32CubeIDE/plugins/com.st.stm32cube.ide.mcu.externaltools.gnu-tools-for-stm32.13.3.rel1.win32_1.0.0.202411081344/tools/bin/../lib/gcc/arm-none-eabi/13.3.1/../../../../arm-none-eabi/lib/thumb/v7e-m+dp/hard\libc_nano.a(libc_a-stdio.o)
                0x080110c6                __sclose
 .text.__swbuf_r
                0x080110ce       0x7c C:/ST/STM32CubeIDE_1.19.0/STM32CubeIDE/plugins/com.st.stm32cube.ide.mcu.externaltools.gnu-tools-for-stm32.13.3.rel1.win32_1.0.0.202411081344/tools/bin/../lib/gcc/arm-none-eabi/13.3.1/../../../../arm-none-eabi/lib/thumb/v7e-m+dp/hard\libc_nano.a(libc_a-wbuf.o)
                0x080110ce                __swbuf_r
 *fill*         0x0801114a        0x2 
 .text.__swsetup_r
                0x0801114c       0xac C:/ST/STM32CubeIDE_1.19.0/STM32CubeIDE/plugins/com.st.stm32cube.ide.mcu.externaltools.gnu-tools-for-stm32.13.3.rel1.win32_1.0.0.202411081344/tools/bin/../lib/gcc/arm-none-eabi/13.3.1/../../../../arm-none-eabi/lib/thumb/v7e-m+dp/hard\libc_nano.a(libc_a-wsetup.o)
                0x0801114c                __swsetup_r
 .text.memset   0x080111f8       0x10 C:/ST/STM32CubeIDE_1.19.0/STM32CubeIDE/plugins/com.st.stm32cube.ide.mcu.externaltools.gnu-tools-for-stm32.13.3.rel1.win32_1.0.0.202411081344/tools/bin/../lib/gcc/arm-none-eabi/13.3.1/../../../../arm-none-eabi/lib/thumb/v7e-m+dp/hard\libc_nano.a(libc_a-memset.o)
                0x080111f8                memset
 .text._localeconv_r
                0x08011208        0x8 C:/ST/STM32CubeIDE_1.19.0/STM32CubeIDE/plugins/com.st.stm32cube.ide.mcu.externaltools.gnu-tools-for-stm32.13.3.rel1.win32_1.0.0.202411081344/tools/bin/../lib/gcc/arm-none-eabi/13.3.1/../../../../arm-none-eabi/lib/thumb/v7e-m+dp/hard\libc_nano.a(libc_a-localeconv.o)
                0x08011208                _localeconv_r
 .text._close_r
                0x08011210       0x20 C:/ST/STM32CubeIDE_1.19.0/STM32CubeIDE/plugins/com.st.stm32cube.ide.mcu.externaltools.gnu-tools-for-stm32.13.3.rel1.win32_1.0.0.202411081344/tools/bin/../lib/gcc/arm-none-eabi/13.3.1/../../../../arm-none-eabi/lib/thumb/v7e-m+dp/hard\libc_nano.a(libc_a-closer.o)
                0x08011210                _close_r
 .text._lseek_r
                0x08011230       0x24 C:/ST/STM32CubeIDE_1.19.0/STM32CubeIDE/plugins/com.st.stm32cube.ide.mcu.externaltools.gnu-tools-for-stm32.13.3.rel1.win32_1.0.0.202411081344/tools/bin/../lib/gcc/arm-none-eabi/13.3.1/../../../../arm-none-eabi/lib/thumb/v7e-m+dp/hard\libc_nano.a(libc_a-lseekr.o)
                0x08011230                _lseek_r
 .text._read_r  0x08011254       0x24 C:/ST/STM32CubeIDE_1.19.0/STM32CubeIDE/plugins/com.st.stm32cube.ide.mcu.externaltools.gnu-tools-for-stm32.13.3.rel1.win32_1.0.0.202411081344/tools/bin/../lib/gcc/arm-none-eabi/13.3.1/../../../../arm-none-eabi/lib/thumb/v7e-m+dp/hard\libc_nano.a(libc_a-readr.o)
                0x08011254                _read_r
 .text._write_r
                0x08011278       0x24 C:/ST/STM32CubeIDE_1.19.0/STM32CubeIDE/plugins/com.st.stm32cube.ide.mcu.externaltools.gnu-tools-for-stm32.13.3.rel1.win32_1.0.0.202411081344/tools/bin/../lib/gcc/arm-none-eabi/13.3.1/../../../../arm-none-eabi/lib/thumb/v7e-m+dp/hard\libc_nano.a(libc_a-writer.o)
                0x08011278                _write_r
 .text.__errno  0x0801129c        0xc C:/ST/STM32CubeIDE_1.19.0/STM32CubeIDE/plugins/com.st.stm32cube.ide.mcu.externaltools.gnu-tools-for-stm32.13.3.rel1.win32_1.0.0.202411081344/tools/bin/../lib/gcc/arm-none-eabi/13.3.1/../../../../arm-none-eabi/lib/thumb/v7e-m+dp/hard\libc_nano.a(libc_a-errno.o)
                0x0801129c                __errno
 .text.__libc_init_array
                0x080112a8       0x48 C:/ST/STM32CubeIDE_1.19.0/STM32CubeIDE/plugins/com.st.stm32cube.ide.mcu.externaltools.gnu-tools-for-stm32.13.3.rel1.win32_1.0.0.202411081344/tools/bin/../lib/gcc/arm-none-eabi/13.3.1/../../../../arm-none-eabi/lib/thumb/v7e-m+dp/hard\libc_nano.a(libc_a-init.o)
                0x080112a8                __libc_init_array
 .text.__retarget_lock_init_recursive
                0x080112f0        0x2 C:/ST/STM32CubeIDE_1.19.0/STM32CubeIDE/plugins/com.st.stm32cube.ide.mcu.externaltools.gnu-tools-for-stm32.13.3.rel1.win32_1.0.0.202411081344/tools/bin/../lib/gcc/arm-none-eabi/13.3.1/../../../../arm-none-eabi/lib/thumb/v7e-m+dp/hard\libc_nano.a(libc_a-lock.o)
                0x080112f0                __retarget_lock_init_recursive
 .text.__retarget_lock_acquire_recursive
                0x080112f2        0x2 C:/ST/STM32CubeIDE_1.19.0/STM32CubeIDE/plugins/com.st.stm32cube.ide.mcu.externaltools.gnu-tools-for-stm32.13.3.rel1.win32_1.0.0.202411081344/tools/bin/../lib/gcc/arm-none-eabi/13.3.1/../../../../arm-none-eabi/lib/thumb/v7e-m+dp/hard\libc_nano.a(libc_a-lock.o)
                0x080112f2                __retarget_lock_acquire_recursive
 .text.__retarget_lock_release_recursive
                0x080112f4        0x2 C:/ST/STM32CubeIDE_1.19.0/STM32CubeIDE/plugins/com.st.stm32cube.ide.mcu.externaltools.gnu-tools-for-stm32.13.3.rel1.win32_1.0.0.202411081344/tools/bin/../lib/gcc/arm-none-eabi/13.3.1/../../../../arm-none-eabi/lib/thumb/v7e-m+dp/hard\libc_nano.a(libc_a-lock.o)
                0x080112f4                __retarget_lock_release_recursive
 .text.quorem   0x080112f6      0x110 C:/ST/STM32CubeIDE_1.19.0/STM32CubeIDE/plugins/com.st.stm32cube.ide.mcu.externaltools.gnu-tools-for-stm32.13.3.rel1.win32_1.0.0.202411081344/tools/bin/../lib/gcc/arm-none-eabi/13.3.1/../../../../arm-none-eabi/lib/thumb/v7e-m+dp/hard\libc_nano.a(libc_a-dtoa.o)
 *fill*         0x08011406        0x2 
 .text._dtoa_r  0x08011408      0xabc C:/ST/STM32CubeIDE_1.19.0/STM32CubeIDE/plugins/com.st.stm32cube.ide.mcu.externaltools.gnu-tools-for-stm32.13.3.rel1.win32_1.0.0.202411081344/tools/bin/../lib/gcc/arm-none-eabi/13.3.1/../../../../arm-none-eabi/lib/thumb/v7e-m+dp/hard\libc_nano.a(libc_a-dtoa.o)
                0x08011408                _dtoa_r
 .text._free_r  0x08011ec4       0x94 C:/ST/STM32CubeIDE_1.19.0/STM32CubeIDE/plugins/com.st.stm32cube.ide.mcu.externaltools.gnu-tools-for-stm32.13.3.rel1.win32_1.0.0.202411081344/tools/bin/../lib/gcc/arm-none-eabi/13.3.1/../../../../arm-none-eabi/lib/thumb/v7e-m+dp/hard\libc_nano.a(libc_a-freer.o)
                0x08011ec4                _free_r
 .text.malloc   0x08011f58       0x10 C:/ST/STM32CubeIDE_1.19.0/STM32CubeIDE/plugins/com.st.stm32cube.ide.mcu.externaltools.gnu-tools-for-stm32.13.3.rel1.win32_1.0.0.202411081344/tools/bin/../lib/gcc/arm-none-eabi/13.3.1/../../../../arm-none-eabi/lib/thumb/v7e-m+dp/hard\libc_nano.a(libc_a-malloc.o)
                0x08011f58                malloc
 .text.sbrk_aligned
                0x08011f68       0x44 C:/ST/STM32CubeIDE_1.19.0/STM32CubeIDE/plugins/com.st.stm32cube.ide.mcu.externaltools.gnu-tools-for-stm32.13.3.rel1.win32_1.0.0.202411081344/tools/bin/../lib/gcc/arm-none-eabi/13.3.1/../../../../arm-none-eabi/lib/thumb/v7e-m+dp/hard\libc_nano.a(libc_a-mallocr.o)
 .text._malloc_r
                0x08011fac      0x100 C:/ST/STM32CubeIDE_1.19.0/STM32CubeIDE/plugins/com.st.stm32cube.ide.mcu.externaltools.gnu-tools-for-stm32.13.3.rel1.win32_1.0.0.202411081344/tools/bin/../lib/gcc/arm-none-eabi/13.3.1/../../../../arm-none-eabi/lib/thumb/v7e-m+dp/hard\libc_nano.a(libc_a-mallocr.o)
                0x08011fac                _malloc_r
 .text.__malloc_lock
                0x080120ac        0xc C:/ST/STM32CubeIDE_1.19.0/STM32CubeIDE/plugins/com.st.stm32cube.ide.mcu.externaltools.gnu-tools-for-stm32.13.3.rel1.win32_1.0.0.202411081344/tools/bin/../lib/gcc/arm-none-eabi/13.3.1/../../../../arm-none-eabi/lib/thumb/v7e-m+dp/hard\libc_nano.a(libc_a-mlock.o)
                0x080120ac                __malloc_lock
 .text.__malloc_unlock
                0x080120b8        0xc C:/ST/STM32CubeIDE_1.19.0/STM32CubeIDE/plugins/com.st.stm32cube.ide.mcu.externaltools.gnu-tools-for-stm32.13.3.rel1.win32_1.0.0.202411081344/tools/bin/../lib/gcc/arm-none-eabi/13.3.1/../../../../arm-none-eabi/lib/thumb/v7e-m+dp/hard\libc_nano.a(libc_a-mlock.o)
                0x080120b8                __malloc_unlock
 .text._Balloc  0x080120c4       0x80 C:/ST/STM32CubeIDE_1.19.0/STM32CubeIDE/plugins/com.st.stm32cube.ide.mcu.externaltools.gnu-tools-for-stm32.13.3.rel1.win32_1.0.0.202411081344/tools/bin/../lib/gcc/arm-none-eabi/13.3.1/../../../../arm-none-eabi/lib/thumb/v7e-m+dp/hard\libc_nano.a(libc_a-mprec.o)
                0x080120c4                _Balloc
 .text._Bfree   0x08012144       0x44 C:/ST/STM32CubeIDE_1.19.0/STM32CubeIDE/plugins/com.st.stm32cube.ide.mcu.externaltools.gnu-tools-for-stm32.13.3.rel1.win32_1.0.0.202411081344/tools/bin/../lib/gcc/arm-none-eabi/13.3.1/../../../../arm-none-eabi/lib/thumb/v7e-m+dp/hard\libc_nano.a(libc_a-mprec.o)
                0x08012144                _Bfree
 .text.__multadd
                0x08012188       0x8c C:/ST/STM32CubeIDE_1.19.0/STM32CubeIDE/plugins/com.st.stm32cube.ide.mcu.externaltools.gnu-tools-for-stm32.13.3.rel1.win32_1.0.0.202411081344/tools/bin/../lib/gcc/arm-none-eabi/13.3.1/../../../../arm-none-eabi/lib/thumb/v7e-m+dp/hard\libc_nano.a(libc_a-mprec.o)
                0x08012188                __multadd
 .text.__hi0bits
                0x08012214       0x3e C:/ST/STM32CubeIDE_1.19.0/STM32CubeIDE/plugins/com.st.stm32cube.ide.mcu.externaltools.gnu-tools-for-stm32.13.3.rel1.win32_1.0.0.202411081344/tools/bin/../lib/gcc/arm-none-eabi/13.3.1/../../../../arm-none-eabi/lib/thumb/v7e-m+dp/hard\libc_nano.a(libc_a-mprec.o)
                0x08012214                __hi0bits
 .text.__lo0bits
                0x08012252       0x5a C:/ST/STM32CubeIDE_1.19.0/STM32CubeIDE/plugins/com.st.stm32cube.ide.mcu.externaltools.gnu-tools-for-stm32.13.3.rel1.win32_1.0.0.202411081344/tools/bin/../lib/gcc/arm-none-eabi/13.3.1/../../../../arm-none-eabi/lib/thumb/v7e-m+dp/hard\libc_nano.a(libc_a-mprec.o)
                0x08012252                __lo0bits
 .text.__i2b    0x080122ac       0x2c C:/ST/STM32CubeIDE_1.19.0/STM32CubeIDE/plugins/com.st.stm32cube.ide.mcu.externaltools.gnu-tools-for-stm32.13.3.rel1.win32_1.0.0.202411081344/tools/bin/../lib/gcc/arm-none-eabi/13.3.1/../../../../arm-none-eabi/lib/thumb/v7e-m+dp/hard\libc_nano.a(libc_a-mprec.o)
                0x080122ac                __i2b
 .text.__multiply
                0x080122d8      0x144 C:/ST/STM32CubeIDE_1.19.0/STM32CubeIDE/plugins/com.st.stm32cube.ide.mcu.externaltools.gnu-tools-for-stm32.13.3.rel1.win32_1.0.0.202411081344/tools/bin/../lib/gcc/arm-none-eabi/13.3.1/../../../../arm-none-eabi/lib/thumb/v7e-m+dp/hard\libc_nano.a(libc_a-mprec.o)
                0x080122d8                __multiply
 .text.__pow5mult
                0x0801241c       0xb4 C:/ST/STM32CubeIDE_1.19.0/STM32CubeIDE/plugins/com.st.stm32cube.ide.mcu.externaltools.gnu-tools-for-stm32.13.3.rel1.win32_1.0.0.202411081344/tools/bin/../lib/gcc/arm-none-eabi/13.3.1/../../../../arm-none-eabi/lib/thumb/v7e-m+dp/hard\libc_nano.a(libc_a-mprec.o)
                0x0801241c                __pow5mult
 .text.__lshift
                0x080124d0       0xd8 C:/ST/STM32CubeIDE_1.19.0/STM32CubeIDE/plugins/com.st.stm32cube.ide.mcu.externaltools.gnu-tools-for-stm32.13.3.rel1.win32_1.0.0.202411081344/tools/bin/../lib/gcc/arm-none-eabi/13.3.1/../../../../arm-none-eabi/lib/thumb/v7e-m+dp/hard\libc_nano.a(libc_a-mprec.o)
                0x080124d0                __lshift
 .text.__mcmp   0x080125a8       0x36 C:/ST/STM32CubeIDE_1.19.0/STM32CubeIDE/plugins/com.st.stm32cube.ide.mcu.externaltools.gnu-tools-for-stm32.13.3.rel1.win32_1.0.0.202411081344/tools/bin/../lib/gcc/arm-none-eabi/13.3.1/../../../../arm-none-eabi/lib/thumb/v7e-m+dp/hard\libc_nano.a(libc_a-mprec.o)
                0x080125a8                __mcmp
 *fill*         0x080125de        0x2 
 .text.__mdiff  0x080125e0      0x128 C:/ST/STM32CubeIDE_1.19.0/STM32CubeIDE/plugins/com.st.stm32cube.ide.mcu.externaltools.gnu-tools-for-stm32.13.3.rel1.win32_1.0.0.202411081344/tools/bin/../lib/gcc/arm-none-eabi/13.3.1/../../../../arm-none-eabi/lib/thumb/v7e-m+dp/hard\libc_nano.a(libc_a-mprec.o)
                0x080125e0                __mdiff
 .text.__d2b    0x08012708       0xb0 C:/ST/STM32CubeIDE_1.19.0/STM32CubeIDE/plugins/com.st.stm32cube.ide.mcu.externaltools.gnu-tools-for-stm32.13.3.rel1.win32_1.0.0.202411081344/tools/bin/../lib/gcc/arm-none-eabi/13.3.1/../../../../arm-none-eabi/lib/thumb/v7e-m+dp/hard\libc_nano.a(libc_a-mprec.o)
                0x08012708                __d2b
 .text.__sfputc_r
                0x080127b8       0x2e C:/ST/STM32CubeIDE_1.19.0/STM32CubeIDE/plugins/com.st.stm32cube.ide.mcu.externaltools.gnu-tools-for-stm32.13.3.rel1.win32_1.0.0.202411081344/tools/bin/../lib/gcc/arm-none-eabi/13.3.1/../../../../arm-none-eabi/lib/thumb/v7e-m+dp/hard\libc_nano.a(libc_a-nano-vfprintf.o)
 .text.__sfputs_r
                0x080127e6       0x24 C:/ST/STM32CubeIDE_1.19.0/STM32CubeIDE/plugins/com.st.stm32cube.ide.mcu.externaltools.gnu-tools-for-stm32.13.3.rel1.win32_1.0.0.202411081344/tools/bin/../lib/gcc/arm-none-eabi/13.3.1/../../../../arm-none-eabi/lib/thumb/v7e-m+dp/hard\libc_nano.a(libc_a-nano-vfprintf.o)
                0x080127e6                __sfputs_r
 *fill*         0x0801280a        0x2 
 .text._vfprintf_r
                0x0801280c      0x230 C:/ST/STM32CubeIDE_1.19.0/STM32CubeIDE/plugins/com.st.stm32cube.ide.mcu.externaltools.gnu-tools-for-stm32.13.3.rel1.win32_1.0.0.202411081344/tools/bin/../lib/gcc/arm-none-eabi/13.3.1/../../../../arm-none-eabi/lib/thumb/v7e-m+dp/hard\libc_nano.a(libc_a-nano-vfprintf.o)
                0x0801280c                _vfprintf_r
                0x0801280c                _vfiprintf_r
 .text.__sflush_r
                0x08012a3c      0x108 C:/ST/STM32CubeIDE_1.19.0/STM32CubeIDE/plugins/com.st.stm32cube.ide.mcu.externaltools.gnu-tools-for-stm32.13.3.rel1.win32_1.0.0.202411081344/tools/bin/../lib/gcc/arm-none-eabi/13.3.1/../../../../arm-none-eabi/lib/thumb/v7e-m+dp/hard\libc_nano.a(libc_a-fflush.o)
                0x08012a3c                __sflush_r
 .text._fflush_r
                0x08012b44       0x50 C:/ST/STM32CubeIDE_1.19.0/STM32CubeIDE/plugins/com.st.stm32cube.ide.mcu.externaltools.gnu-tools-for-stm32.13.3.rel1.win32_1.0.0.202411081344/tools/bin/../lib/gcc/arm-none-eabi/13.3.1/../../../../arm-none-eabi/lib/thumb/v7e-m+dp/hard\libc_nano.a(libc_a-fflush.o)
                0x08012b44                _fflush_r
 .text.__swhatbuf_r
                0x08012b94       0x4c C:/ST/STM32CubeIDE_1.19.0/STM32CubeIDE/plugins/com.st.stm32cube.ide.mcu.externaltools.gnu-tools-for-stm32.13.3.rel1.win32_1.0.0.202411081344/tools/bin/../lib/gcc/arm-none-eabi/13.3.1/../../../../arm-none-eabi/lib/thumb/v7e-m+dp/hard\libc_nano.a(libc_a-makebuf.o)
                0x08012b94                __swhatbuf_r
 .text.__smakebuf_r
                0x08012be0       0x78 C:/ST/STM32CubeIDE_1.19.0/STM32CubeIDE/plugins/com.st.stm32cube.ide.mcu.externaltools.gnu-tools-for-stm32.13.3.rel1.win32_1.0.0.202411081344/tools/bin/../lib/gcc/arm-none-eabi/13.3.1/../../../../arm-none-eabi/lib/thumb/v7e-m+dp/hard\libc_nano.a(libc_a-makebuf.o)
                0x08012be0                __smakebuf_r
 .text._fstat_r
                0x08012c58       0x24 C:/ST/STM32CubeIDE_1.19.0/STM32CubeIDE/plugins/com.st.stm32cube.ide.mcu.externaltools.gnu-tools-for-stm32.13.3.rel1.win32_1.0.0.202411081344/tools/bin/../lib/gcc/arm-none-eabi/13.3.1/../../../../arm-none-eabi/lib/thumb/v7e-m+dp/hard\libc_nano.a(libc_a-fstatr.o)
                0x08012c58                _fstat_r
 .text._isatty_r
                0x08012c7c       0x20 C:/ST/STM32CubeIDE_1.19.0/STM32CubeIDE/plugins/com.st.stm32cube.ide.mcu.externaltools.gnu-tools-for-stm32.13.3.rel1.win32_1.0.0.202411081344/tools/bin/../lib/gcc/arm-none-eabi/13.3.1/../../../../arm-none-eabi/lib/thumb/v7e-m+dp/hard\libc_nano.a(libc_a-isattyr.o)
                0x08012c7c                _isatty_r
 .text._sbrk_r  0x08012c9c       0x20 C:/ST/STM32CubeIDE_1.19.0/STM32CubeIDE/plugins/com.st.stm32cube.ide.mcu.externaltools.gnu-tools-for-stm32.13.3.rel1.win32_1.0.0.202411081344/tools/bin/../lib/gcc/arm-none-eabi/13.3.1/../../../../arm-none-eabi/lib/thumb/v7e-m+dp/hard\libc_nano.a(libc_a-sbrkr.o)
                0x08012c9c                _sbrk_r
 .text.memcpy   0x08012cbc       0x1c C:/ST/STM32CubeIDE_1.19.0/STM32CubeIDE/plugins/com.st.stm32cube.ide.mcu.externaltools.gnu-tools-for-stm32.13.3.rel1.win32_1.0.0.202411081344/tools/bin/../lib/gcc/arm-none-eabi/13.3.1/../../../../arm-none-eabi/lib/thumb/v7e-m+dp/hard\libc_nano.a(libc_a-memcpy-stub.o)
                0x08012cbc                memcpy
 .text.__assert_func
                0x08012cd8       0x3c C:/ST/STM32CubeIDE_1.19.0/STM32CubeIDE/plugins/com.st.stm32cube.ide.mcu.externaltools.gnu-tools-for-stm32.13.3.rel1.win32_1.0.0.202411081344/tools/bin/../lib/gcc/arm-none-eabi/13.3.1/../../../../arm-none-eabi/lib/thumb/v7e-m+dp/hard\libc_nano.a(libc_a-assert.o)
                0x08012cd8                __assert_func
 .text._calloc_r
                0x08012d14       0x28 C:/ST/STM32CubeIDE_1.19.0/STM32CubeIDE/plugins/com.st.stm32cube.ide.mcu.externaltools.gnu-tools-for-stm32.13.3.rel1.win32_1.0.0.202411081344/tools/bin/../lib/gcc/arm-none-eabi/13.3.1/../../../../arm-none-eabi/lib/thumb/v7e-m+dp/hard\libc_nano.a(libc_a-callocr.o)
                0x08012d14                _calloc_r
 .text.__ascii_mbtowc
                0x08012d3c       0x24 C:/ST/STM32CubeIDE_1.19.0/STM32CubeIDE/plugins/com.st.stm32cube.ide.mcu.externaltools.gnu-tools-for-stm32.13.3.rel1.win32_1.0.0.202411081344/tools/bin/../lib/gcc/arm-none-eabi/13.3.1/../../../../arm-none-eabi/lib/thumb/v7e-m+dp/hard\libc_nano.a(libc_a-mbtowc_r.o)
                0x08012d3c                __ascii_mbtowc
 .text.__ascii_wctomb
                0x08012d60       0x1a C:/ST/STM32CubeIDE_1.19.0/STM32CubeIDE/plugins/com.st.stm32cube.ide.mcu.externaltools.gnu-tools-for-stm32.13.3.rel1.win32_1.0.0.202411081344/tools/bin/../lib/gcc/arm-none-eabi/13.3.1/../../../../arm-none-eabi/lib/thumb/v7e-m+dp/hard\libc_nano.a(libc_a-wctomb_r.o)
                0x08012d60                __ascii_wctomb
 *fill*         0x08012d7a        0x2 
 .text.fprintf  0x08012d7c       0x24 C:/ST/STM32CubeIDE_1.19.0/STM32CubeIDE/plugins/com.st.stm32cube.ide.mcu.externaltools.gnu-tools-for-stm32.13.3.rel1.win32_1.0.0.202411081344/tools/bin/../lib/gcc/arm-none-eabi/13.3.1/../../../../arm-none-eabi/lib/thumb/v7e-m+dp/hard\libc_nano.a(libc_a-fprintf.o)
                0x08012d7c                fiprintf
                0x08012d7c                fprintf
 .text.abort    0x08012da0        0xe C:/ST/STM32CubeIDE_1.19.0/STM32CubeIDE/plugins/com.st.stm32cube.ide.mcu.externaltools.gnu-tools-for-stm32.13.3.rel1.win32_1.0.0.202411081344/tools/bin/../lib/gcc/arm-none-eabi/13.3.1/../../../../arm-none-eabi/lib/thumb/v7e-m+dp/hard\libc_nano.a(libc_a-abort.o)
                0x08012da0                abort
 .text._raise_r
                0x08012dae       0x50 C:/ST/STM32CubeIDE_1.19.0/STM32CubeIDE/plugins/com.st.stm32cube.ide.mcu.externaltools.gnu-tools-for-stm32.13.3.rel1.win32_1.0.0.202411081344/tools/bin/../lib/gcc/arm-none-eabi/13.3.1/../../../../arm-none-eabi/lib/thumb/v7e-m+dp/hard\libc_nano.a(libc_a-signal.o)
                0x08012dae                _raise_r
 *fill*         0x08012dfe        0x2 
 .text.raise    0x08012e00       0x10 C:/ST/STM32CubeIDE_1.19.0/STM32CubeIDE/plugins/com.st.stm32cube.ide.mcu.externaltools.gnu-tools-for-stm32.13.3.rel1.win32_1.0.0.202411081344/tools/bin/../lib/gcc/arm-none-eabi/13.3.1/../../../../arm-none-eabi/lib/thumb/v7e-m+dp/hard\libc_nano.a(libc_a-signal.o)
                0x08012e00                raise
 .text._kill_r  0x08012e10       0x24 C:/ST/STM32CubeIDE_1.19.0/STM32CubeIDE/plugins/com.st.stm32cube.ide.mcu.externaltools.gnu-tools-for-stm32.13.3.rel1.win32_1.0.0.202411081344/tools/bin/../lib/gcc/arm-none-eabi/13.3.1/../../../../arm-none-eabi/lib/thumb/v7e-m+dp/hard\libc_nano.a(libc_a-signalr.o)
                0x08012e10                _kill_r
 .text._getpid_r
                0x08012e34        0x4 C:/ST/STM32CubeIDE_1.19.0/STM32CubeIDE/plugins/com.st.stm32cube.ide.mcu.externaltools.gnu-tools-for-stm32.13.3.rel1.win32_1.0.0.202411081344/tools/bin/../lib/gcc/arm-none-eabi/13.3.1/../../../../arm-none-eabi/lib/thumb/v7e-m+dp/hard\libc_nano.a(libc_a-signalr.o)
                0x08012e34                _getpid_r
 .text.sqrtf    0x08012e38       0x3c C:/ST/STM32CubeIDE_1.19.0/STM32CubeIDE/plugins/com.st.stm32cube.ide.mcu.externaltools.gnu-tools-for-stm32.13.3.rel1.win32_1.0.0.202411081344/tools/bin/../lib/gcc/arm-none-eabi/13.3.1/../../../../arm-none-eabi/lib/thumb/v7e-m+dp/hard\libm.a(libm_a-wf_sqrt.o)
                0x08012e38                sqrtf
 .text.__ieee754_sqrtf
                0x08012e74        0x6 C:/ST/STM32CubeIDE_1.19.0/STM32CubeIDE/plugins/com.st.stm32cube.ide.mcu.externaltools.gnu-tools-for-stm32.13.3.rel1.win32_1.0.0.202411081344/tools/bin/../lib/gcc/arm-none-eabi/13.3.1/../../../../arm-none-eabi/lib/thumb/v7e-m+dp/hard\libm.a(libm_a-ef_sqrt.o)
                0x08012e74                __ieee754_sqrtf
 *(.glue_7)
 .glue_7        0x08012e7a        0x0 linker stubs
 *(.glue_7t)
 .glue_7t       0x08012e7a        0x0 linker stubs
 *(.eh_frame)
 *fill*         0x08012e7a        0x2 
 .eh_frame      0x08012e7c        0x0 C:/ST/STM32CubeIDE_1.19.0/STM32CubeIDE/plugins/com.st.stm32cube.ide.mcu.externaltools.gnu-tools-for-stm32.13.3.rel1.win32_1.0.0.202411081344/tools/bin/../lib/gcc/arm-none-eabi/13.3.1/thumb/v7e-m+dp/hard/crtbegin.o
 *(.init)
 .init          0x08012e7c        0x4 C:/ST/STM32CubeIDE_1.19.0/STM32CubeIDE/plugins/com.st.stm32cube.ide.mcu.externaltools.gnu-tools-for-stm32.13.3.rel1.win32_1.0.0.202411081344/tools/bin/../lib/gcc/arm-none-eabi/13.3.1/thumb/v7e-m+dp/hard/crti.o
                0x08012e7c                _init
 .init          0x08012e80        0x8 C:/ST/STM32CubeIDE_1.19.0/STM32CubeIDE/plugins/com.st.stm32cube.ide.mcu.externaltools.gnu-tools-for-stm32.13.3.rel1.win32_1.0.0.202411081344/tools/bin/../lib/gcc/arm-none-eabi/13.3.1/thumb/v7e-m+dp/hard/crtn.o
 *(.fini)
 .fini          0x08012e88        0x4 C:/ST/STM32CubeIDE_1.19.0/STM32CubeIDE/plugins/com.st.stm32cube.ide.mcu.externaltools.gnu-tools-for-stm32.13.3.rel1.win32_1.0.0.202411081344/tools/bin/../lib/gcc/arm-none-eabi/13.3.1/thumb/v7e-m+dp/hard/crti.o
                0x08012e88                _fini