../Drivers/CMSIS/Include/core_cm7.h:2660:26:ITM_SendChar	16	static,ignoring_inline_asm
../Core/Src/main.c:73:5:_write	32	static
../Core/Src/main.c:86:5:main	16	static
../Core/Src/main.c:176:6:SystemClock_Config	120	static
../Core/Src/main.c:236:13:MX_I2S1_Init	8	static
../Core/Src/main.c:270:13:MX_I2S3_Init	8	static
../Core/Src/main.c:302:13:MX_DMA_Init	16	static
../Core/Src/main.c:323:13:MX_GPIO_Init	56	static
../Core/Src/main.c:380:6:HAL_I2S_RxHalfCpltCallback	16	static
../Core/Src/main.c:392:6:HAL_I2S_RxCpltCallback	16	static
../Core/Src/main.c:407:6:MPU_Config	24	static
../Core/Src/main.c:438:6:Error_Handler	4	static,ignoring_inline_asm
